mode: set
accounter/internal/domain/task/service.go:18.102,24.2 1 1
accounter/internal/domain/task/service.go:27.101,29.2 1 1
accounter/internal/domain/task/service.go:32.77,34.2 1 1
accounter/internal/domain/task/service.go:37.71,38.28 1 1
accounter/internal/domain/task/service.go:38.28,40.3 1 1
accounter/internal/domain/task/service.go:42.2,42.33 1 1
accounter/internal/domain/task/service.go:46.73,50.16 3 1
accounter/internal/domain/task/service.go:50.16,52.3 1 1
accounter/internal/domain/task/service.go:54.2,54.61 1 1
accounter/internal/domain/task/service.go:54.61,55.50 1 1
accounter/internal/domain/task/service.go:55.50,57.4 1 1
accounter/internal/domain/task/service.go:59.3,59.75 1 1
accounter/internal/domain/task/service.go:59.75,61.4 1 1
accounter/internal/domain/task/service.go:63.3,63.13 1 1
accounter/internal/domain/task/service.go:68.73,71.61 2 1
accounter/internal/domain/task/service.go:71.61,72.51 1 1
accounter/internal/domain/task/service.go:72.51,74.4 1 1
accounter/internal/domain/task/service.go:76.3,76.65 1 1
accounter/internal/domain/task/service.go:76.65,78.4 1 1
accounter/internal/domain/task/service.go:80.3,80.13 1 1
accounter/internal/domain/task/service.go:85.71,90.16 3 1
accounter/internal/domain/task/service.go:90.16,92.3 1 1
accounter/internal/domain/task/service.go:94.2,94.61 1 1
accounter/internal/domain/task/service.go:94.61,95.54 1 1
accounter/internal/domain/task/service.go:95.54,97.4 1 1
accounter/internal/domain/task/service.go:99.3,99.65 1 1
accounter/internal/domain/task/service.go:99.65,101.4 1 1
accounter/internal/domain/task/service.go:103.3,103.13 1 1
accounter/internal/domain/task/service.go:108.97,110.2 1 1
accounter/internal/domain/task/task.go:26.33,26.60 1 1
accounter/internal/domain/task/task.go:27.33,27.54 1 1
accounter/internal/domain/task/task.go:30.47,31.23 1 1
accounter/internal/domain/task/task.go:31.23,33.3 1 1
accounter/internal/domain/task/task.go:35.2,35.32 1 1
accounter/internal/domain/task/task.go:39.59,40.23 1 1
accounter/internal/domain/task/task.go:40.23,42.3 1 1
accounter/internal/domain/task/task.go:44.2,44.8 1 1
accounter/internal/domain/task/task.go:48.68,51.26 2 1
accounter/internal/domain/task/task.go:51.26,55.3 3 1
accounter/internal/domain/task/task.go:57.2,59.15 2 1
accounter/internal/domain/task/task.go:63.67,66.26 2 1
accounter/internal/domain/task/task.go:66.26,70.3 3 1
accounter/internal/domain/task/task.go:72.2,74.15 2 1
accounter/internal/domain/task/task.go:92.33,99.2 1 1
accounter/internal/domain/task/task.go:102.34,106.2 3 1
accounter/internal/domain/task/task.go:109.30,110.65 1 1
accounter/internal/domain/task/task.go:110.65,112.3 1 1
accounter/internal/domain/task/task.go:114.2,114.48 1 1
accounter/internal/domain/task/task.go:114.48,116.3 1 1
accounter/internal/domain/task/task.go:118.2,118.63 1 1
accounter/internal/domain/task/task.go:118.63,120.3 1 1
accounter/internal/domain/task/task.go:122.2,122.13 1 1
accounter/internal/domain/task/task.go:126.34,129.2 2 1
accounter/internal/domain/task/task.go:132.36,136.2 2 1
accounter/internal/domain/task/task.go:139.43,141.2 1 1
accounter/internal/domain/task/task.go:144.35,146.2 1 1
accounter/internal/domain/task/task.go:149.40,151.2 1 1
accounter/internal/domain/task/task.go:154.38,156.2 1 1
accounter/internal/domain/task/task.go:159.55,161.2 1 1
accounter/internal/domain/task/task.go:164.43,166.2 1 1
accounter/internal/domain/task/task.go:169.29,171.2 1 1
accounter/internal/domain/task/task.go:174.32,176.2 1 1
accounter/internal/domain/common/context.go:20.37,22.2 1 0
accounter/internal/domain/common/context.go:24.60,26.2 1 0
accounter/internal/domain/common/errors.go:15.38,16.18 1 1
accounter/internal/domain/common/errors.go:16.18,18.3 1 1
accounter/internal/domain/common/errors.go:20.2,20.49 1 1
accounter/internal/domain/common/errors.go:24.54,27.2 2 1
accounter/internal/domain/common/errors.go:30.49,31.45 1 1
accounter/internal/domain/common/errors.go:31.45,33.3 1 1
accounter/internal/domain/common/errors.go:35.2,35.14 1 1
accounter/internal/domain/common/params.go:23.50,30.2 1 1
accounter/internal/domain/common/params.go:33.47,41.30 6 1
accounter/internal/domain/common/params.go:41.30,43.3 1 1
accounter/internal/domain/common/params.go:45.2,45.15 1 1
accounter/internal/domain/user/current-user.go:23.56,27.2 3 1
accounter/internal/domain/user/current-user.go:30.45,32.2 1 1
accounter/internal/domain/user/current-user.go:34.68,37.2 2 1
accounter/internal/domain/user/service.go:16.55,18.2 1 1
accounter/internal/domain/user/service.go:21.102,23.2 1 1
accounter/internal/domain/user/service.go:26.76,28.2 1 1
accounter/internal/domain/user/service.go:31.70,32.28 1 1
accounter/internal/domain/user/service.go:32.28,34.3 1 1
accounter/internal/domain/user/service.go:36.2,36.33 1 1
accounter/internal/domain/user/service.go:40.70,43.16 2 1
accounter/internal/domain/user/service.go:43.16,45.3 1 1
accounter/internal/domain/user/service.go:47.2,47.36 1 1
accounter/internal/domain/user/service.go:51.100,54.37 2 1
accounter/internal/domain/user/service.go:54.37,57.3 1 1
accounter/internal/domain/user/service.go:57.8,57.23 1 1
accounter/internal/domain/user/service.go:57.23,59.3 1 1
accounter/internal/domain/user/service.go:61.2,61.8 1 1
accounter/internal/domain/user/user.go:26.33,28.2 1 1
accounter/internal/domain/user/user.go:31.41,32.50 1 1
accounter/internal/domain/user/user.go:32.50,34.3 1 1
accounter/internal/domain/user/user.go:36.2,36.12 1 1
accounter/internal/domain/user/user.go:36.12,37.45 1 1
accounter/internal/domain/user/user.go:37.45,39.4 1 1
accounter/internal/domain/user/user.go:40.8,41.78 1 1
accounter/internal/domain/user/user.go:41.78,43.4 1 1
accounter/internal/domain/user/user.go:45.3,45.41 1 1
accounter/internal/domain/user/user.go:45.41,47.4 1 1
accounter/internal/domain/user/user.go:50.2,50.13 1 1
accounter/internal/domain/user/user.go:54.40,56.2 1 1
accounter/internal/domain/user/user.go:59.42,61.2 1 1
accounter/internal/domain/user/user.go:64.29,66.2 1 1
accounter/internal/domain/user/user.go:69.32,71.2 1 1
accounter/internal/infrastructure/comparators/comparator.go:19.34,21.2 1 1
accounter/internal/infrastructure/comparators/comparator.go:23.59,26.2 2 1
accounter/internal/infrastructure/comparators/comparator.go:28.55,31.2 2 1
accounter/internal/infrastructure/comparators/comparator.go:34.88,37.29 2 1
accounter/internal/infrastructure/comparators/comparator.go:37.29,39.3 1 1
accounter/internal/infrastructure/comparators/comparator.go:41.2,44.29 3 1
accounter/internal/infrastructure/comparators/comparator.go:44.29,45.23 1 1
accounter/internal/infrastructure/comparators/comparator.go:45.23,54.4 3 1
accounter/internal/infrastructure/comparators/comparator.go:57.2,57.8 1 1
accounter/internal/infrastructure/comparators/comparator.go:61.97,62.23 1 1
accounter/internal/infrastructure/comparators/comparator.go:62.23,64.3 1 1
accounter/internal/infrastructure/comparators/comparator.go:66.2,66.27 1 1
accounter/internal/infrastructure/comparators/comparator.go:66.27,69.17 2 1
accounter/internal/infrastructure/comparators/comparator.go:69.17,71.4 1 0
accounter/internal/infrastructure/comparators/comparator.go:73.3,73.39 1 1
accounter/internal/infrastructure/comparators/comparator.go:73.39,75.4 1 0
accounter/internal/infrastructure/comparators/comparator.go:78.2,78.13 1 1
accounter/cmd/backend/main.go:10.13,30.15 7 0
accounter/cmd/backend/main.go:30.15,33.3 2 0
accounter/cmd/backend/main.go:36.2,36.21 1 0
accounter/cmd/migrator/main.go:18.13,27.44 7 0
accounter/cmd/migrator/main.go:27.44,29.3 1 0
accounter/cmd/migrator/main.go:31.2,31.15 1 0
accounter/cmd/migrator/main.go:31.15,34.3 2 0
accounter/cmd/migrator/main.go:36.2,38.16 2 0
accounter/cmd/migrator/main.go:38.16,40.3 1 0
accounter/cmd/migrator/main.go:42.2,42.60 1 0
accounter/cmd/migrator/main.go:42.60,44.34 1 0
accounter/cmd/migrator/main.go:44.34,45.78 1 0
accounter/cmd/migrator/main.go:45.78,47.5 1 0
accounter/cmd/migrator/main.go:50.3,50.13 1 0
accounter/cmd/migrator/main.go:53.2,53.16 1 0
accounter/cmd/migrator/main.go:53.16,55.3 1 0
accounter/cmd/migrator/main.go:55.8,57.3 1 0
accounter/cmd/migrator/main.go:60.70,61.31 1 0
accounter/cmd/migrator/main.go:61.31,68.17 5 0
accounter/cmd/migrator/main.go:68.17,70.4 1 0
accounter/cmd/migrator/main.go:72.3,72.44 1 0
accounter/cmd/migrator/main.go:75.2,75.8 1 0
accounter/cmd/frontend/main.go:9.13,27.2 6 0
accounter/internal/app/app.go:49.60,53.2 2 0
accounter/internal/app/app.go:56.47,63.2 4 0
accounter/internal/app/app.go:66.67,67.34 1 0
accounter/internal/app/app.go:67.34,69.3 1 0
accounter/internal/app/app.go:71.2,71.10 1 0
accounter/internal/app/app.go:75.80,78.38 2 0
accounter/internal/app/app.go:78.38,80.3 1 0
accounter/internal/app/app.go:84.60,86.2 1 0
accounter/internal/app/app.go:89.71,90.42 1 0
accounter/internal/app/app.go:90.42,92.3 1 0
accounter/internal/app/app.go:94.2,94.10 1 0
accounter/internal/app/app.go:98.68,156.2 15 0
accounter/internal/app/app.go:159.33,160.42 1 0
accounter/internal/app/app.go:160.42,162.3 1 0
accounter/internal/app/app.go:162.8,164.3 1 0
accounter/internal/app/app.go:166.2,166.37 1 0
accounter/internal/app/app.go:166.37,168.3 1 0
accounter/internal/app/app.go:168.8,170.3 1 0
accounter/internal/app/app.go:172.2,172.34 1 0
accounter/internal/app/app.go:176.94,184.2 1 0
accounter/internal/infrastructure/adapters/postgres/client.go:39.51,41.2 1 0
accounter/internal/infrastructure/adapters/postgres/client.go:44.56,53.59 4 0
accounter/internal/infrastructure/adapters/postgres/client.go:53.59,56.3 1 0
accounter/internal/infrastructure/adapters/postgres/client.go:56.8,56.52 1 0
accounter/internal/infrastructure/adapters/postgres/client.go:56.52,59.3 1 0
accounter/internal/infrastructure/adapters/postgres/client.go:59.8,61.3 1 0
accounter/internal/infrastructure/adapters/postgres/client.go:63.2,63.12 1 0
accounter/internal/infrastructure/adapters/postgres/client.go:67.40,68.17 1 0
accounter/internal/infrastructure/adapters/postgres/client.go:68.17,70.3 1 0
accounter/internal/infrastructure/adapters/postgres/client.go:72.2,72.12 1 0
accounter/internal/infrastructure/adapters/postgres/client.go:76.63,77.47 1 0
accounter/internal/infrastructure/adapters/postgres/client.go:77.47,79.3 1 0
accounter/internal/infrastructure/adapters/postgres/client.go:81.2,81.13 1 0
accounter/internal/infrastructure/adapters/postgres/client.go:86.88,89.16 2 0
accounter/internal/infrastructure/adapters/postgres/client.go:89.16,91.3 1 0
accounter/internal/infrastructure/adapters/postgres/client.go:93.2,97.31 3 0
accounter/internal/infrastructure/adapters/postgres/client.go:97.31,99.3 1 0
accounter/internal/infrastructure/adapters/postgres/client.go:101.2,101.20 1 0
accounter/internal/infrastructure/adapters/postgres/event.go:16.61,20.2 1 0
accounter/internal/infrastructure/adapters/postgres/event.go:23.79,32.16 6 0
accounter/internal/infrastructure/adapters/postgres/event.go:32.16,34.3 1 0
accounter/internal/infrastructure/adapters/postgres/event.go:36.2,38.18 2 0
accounter/internal/infrastructure/adapters/postgres/event.go:38.18,41.45 2 0
accounter/internal/infrastructure/adapters/postgres/event.go:41.45,43.4 1 0
accounter/internal/infrastructure/adapters/postgres/event.go:45.3,53.5 1 0
accounter/internal/infrastructure/adapters/postgres/event.go:56.2,56.17 1 0
accounter/internal/infrastructure/adapters/postgres/event.go:60.78,76.78 5 0
accounter/internal/infrastructure/adapters/postgres/event.go:76.78,79.3 1 0
accounter/internal/infrastructure/adapters/postgres/event.go:79.8,79.49 1 0
accounter/internal/infrastructure/adapters/postgres/event.go:79.49,81.3 1 0
accounter/internal/infrastructure/adapters/postgres/event.go:83.2,83.12 1 0
accounter/internal/infrastructure/adapters/postgres/repository.go:13.59,15.2 1 0
accounter/internal/infrastructure/adapters/postgres/repository.go:18.96,20.2 1 0
accounter/internal/infrastructure/adapters/postgres/repository.go:23.96,27.16 3 0
accounter/internal/infrastructure/adapters/postgres/repository.go:27.16,29.3 1 0
accounter/internal/infrastructure/adapters/postgres/repository.go:31.2,31.51 1 0
accounter/internal/infrastructure/adapters/postgres/repository.go:35.99,39.16 3 0
accounter/internal/infrastructure/adapters/postgres/repository.go:39.16,41.3 1 0
accounter/internal/infrastructure/adapters/postgres/repository.go:43.2,43.54 1 0
accounter/internal/infrastructure/adapters/postgres/repository.go:47.92,49.2 1 0
accounter/internal/infrastructure/adapters/postgres/task.go:19.59,23.2 1 0
accounter/internal/infrastructure/adapters/postgres/task.go:26.104,35.2 6 0
accounter/internal/infrastructure/adapters/postgres/task.go:38.89,47.26 6 0
accounter/internal/infrastructure/adapters/postgres/task.go:47.26,49.3 1 0
accounter/internal/infrastructure/adapters/postgres/task.go:51.2,51.8 1 0
accounter/internal/infrastructure/adapters/postgres/task.go:55.74,61.74 4 0
accounter/internal/infrastructure/adapters/postgres/task.go:61.74,64.3 1 0
accounter/internal/infrastructure/adapters/postgres/task.go:64.8,64.49 1 0
accounter/internal/infrastructure/adapters/postgres/task.go:64.49,66.3 1 0
accounter/internal/infrastructure/adapters/postgres/task.go:68.2,68.12 1 0
accounter/internal/infrastructure/adapters/postgres/task.go:72.74,81.2 5 0
accounter/internal/infrastructure/adapters/postgres/task.go:84.70,92.2 5 0
accounter/internal/infrastructure/adapters/postgres/task.go:95.54,99.62 3 0
accounter/internal/infrastructure/adapters/postgres/task.go:99.62,101.3 1 0
accounter/internal/infrastructure/adapters/postgres/task.go:103.2,103.30 1 0
accounter/internal/infrastructure/adapters/postgres/task.go:103.30,105.3 1 0
accounter/internal/infrastructure/adapters/postgres/task.go:107.2,107.22 1 0
accounter/internal/infrastructure/adapters/postgres/task.go:107.22,109.3 1 0
accounter/internal/infrastructure/adapters/postgres/task.go:111.2,111.25 1 0
accounter/internal/infrastructure/adapters/postgres/task.go:111.25,113.3 1 0
accounter/internal/infrastructure/adapters/postgres/task.go:115.2,115.31 1 0
accounter/internal/infrastructure/adapters/postgres/task.go:115.31,118.18 2 0
accounter/internal/infrastructure/adapters/postgres/task.go:118.18,120.4 1 0
accounter/internal/infrastructure/adapters/postgres/task.go:123.2,123.17 1 0
accounter/internal/infrastructure/adapters/postgres/task.go:123.17,125.3 1 0
accounter/internal/infrastructure/adapters/postgres/task.go:127.2,127.14 1 0
accounter/internal/infrastructure/adapters/postgres/user.go:19.59,23.2 1 0
accounter/internal/infrastructure/adapters/postgres/user.go:26.104,34.2 5 0
accounter/internal/infrastructure/adapters/postgres/user.go:37.89,46.35 6 0
accounter/internal/infrastructure/adapters/postgres/user.go:46.35,48.3 1 0
accounter/internal/infrastructure/adapters/postgres/user.go:50.2,50.8 1 0
accounter/internal/infrastructure/adapters/postgres/user.go:54.113,65.20 5 0
accounter/internal/infrastructure/adapters/postgres/user.go:65.20,67.3 1 0
accounter/internal/infrastructure/adapters/postgres/user.go:69.2,72.35 3 0
accounter/internal/infrastructure/adapters/postgres/user.go:72.35,74.3 1 0
accounter/internal/infrastructure/adapters/postgres/user.go:76.2,76.8 1 0
accounter/internal/infrastructure/adapters/postgres/user.go:80.77,86.77 4 0
accounter/internal/infrastructure/adapters/postgres/user.go:86.77,89.3 1 0
accounter/internal/infrastructure/adapters/postgres/user.go:89.8,89.49 1 0
accounter/internal/infrastructure/adapters/postgres/user.go:89.49,91.3 1 0
accounter/internal/infrastructure/adapters/postgres/user.go:93.2,93.12 1 0
accounter/internal/infrastructure/adapters/postgres/user.go:97.77,106.2 5 0
accounter/internal/infrastructure/adapters/postgres/user.go:109.70,117.2 5 0
accounter/config/config.go:92.26,104.61 8 0
accounter/config/config.go:104.61,106.3 1 0
accounter/config/config.go:108.2,108.39 1 0
accounter/config/config.go:108.39,115.3 5 0
accounter/config/config.go:117.2,118.12 2 0
accounter/config/config.go:122.38,136.2 13 0
accounter/config/config.go:139.29,140.55 1 0
accounter/config/config.go:140.55,142.3 1 0
accounter/config/config.go:144.2,144.55 1 0
accounter/config/config.go:144.55,146.3 1 0
accounter/config/config.go:148.2,148.55 1 0
accounter/config/config.go:148.55,150.3 1 0
accounter/config/config.go:152.2,152.52 1 0
accounter/config/config.go:152.52,154.3 1 0
accounter/config/config.go:156.2,156.60 1 0
accounter/config/config.go:156.60,158.3 1 0
accounter/config/config.go:160.2,160.52 1 0
accounter/config/config.go:160.52,162.3 1 0
accounter/config/config.go:164.2,164.49 1 0
accounter/config/config.go:164.49,166.3 1 0
accounter/config/config.go:168.2,168.54 1 0
accounter/config/config.go:168.54,170.3 1 0
accounter/config/config.go:172.2,172.57 1 0
accounter/config/config.go:172.57,174.3 1 0
accounter/config/config.go:176.2,176.53 1 0
accounter/config/config.go:176.53,178.3 1 0
accounter/config/config.go:180.2,180.53 1 0
accounter/config/config.go:180.53,182.3 1 0
accounter/config/config.go:186.70,194.2 2 0
accounter/internal/domain/event/event.go:40.115,50.2 1 0
accounter/internal/domain/event/service.go:17.81,22.2 1 0
accounter/internal/domain/event/service.go:25.94,32.2 4 0
accounter/internal/domain/event/service.go:35.99,43.2 5 0
accounter/internal/domain/event/service.go:46.94,53.2 4 0
accounter/internal/domain/event/service.go:56.77,57.52 1 0
accounter/internal/domain/event/service.go:57.52,59.3 1 0
accounter/internal/domain/event/service.go:61.2,61.43 1 0
accounter/internal/domain/event/service.go:61.43,63.3 1 0
accounter/internal/domain/event/service.go:65.2,65.12 1 0
accounter/internal/domain/event/service.go:69.75,71.2 1 0
accounter/internal/domain/event/service.go:74.70,76.2 1 0
accounter/internal/infrastructure/messaging/kafka/client.go:30.94,54.2 3 0
accounter/internal/infrastructure/messaging/kafka/client.go:57.37,59.2 1 0
accounter/internal/infrastructure/messaging/kafka/client.go:62.81,64.2 1 0
accounter/internal/infrastructure/messaging/kafka/client.go:67.37,71.2 2 0
accounter/internal/infrastructure/messaging/kafka/consumer.go:14.54,15.6 1 0
accounter/internal/infrastructure/messaging/kafka/consumer.go:15.6,16.10 1 0
accounter/internal/infrastructure/messaging/kafka/consumer.go:17.21,18.14 1 0
accounter/internal/infrastructure/messaging/kafka/consumer.go:20.11,23.31 2 0
accounter/internal/infrastructure/messaging/kafka/consumer.go:23.31,24.13 1 0
accounter/internal/infrastructure/messaging/kafka/consumer.go:27.4,27.18 1 0
accounter/internal/infrastructure/messaging/kafka/consumer.go:27.18,29.13 2 0
accounter/internal/infrastructure/messaging/kafka/consumer.go:32.4,34.34 2 0
accounter/internal/infrastructure/messaging/kafka/consumer.go:34.34,36.5 1 0
accounter/internal/infrastructure/messaging/kafka/consumer.go:36.10,38.5 1 0
accounter/internal/infrastructure/messaging/kafka/consumer.go:44.73,47.58 2 0
accounter/internal/infrastructure/messaging/kafka/consumer.go:47.58,49.3 1 0
accounter/internal/infrastructure/messaging/kafka/consumer.go:51.2,53.34 2 0
accounter/internal/infrastructure/messaging/kafka/consumer.go:53.34,54.49 1 0
accounter/internal/infrastructure/messaging/kafka/consumer.go:54.49,56.4 1 0
accounter/internal/infrastructure/messaging/kafka/consumer.go:59.2,59.19 1 0
accounter/internal/infrastructure/messaging/kafka/consumer.go:59.19,61.3 1 0
accounter/internal/infrastructure/messaging/kafka/consumer.go:63.2,63.12 1 0
accounter/internal/infrastructure/messaging/kafka/publisher.go:12.61,14.2 1 0
accounter/internal/infrastructure/messaging/kafka/publisher.go:17.58,20.25 2 0
accounter/internal/infrastructure/messaging/kafka/publisher.go:20.25,23.3 2 0
accounter/internal/infrastructure/messaging/kafka/publisher.go:25.2,25.39 1 0
accounter/internal/infrastructure/messaging/kafka/publisher.go:29.64,35.25 4 0
accounter/internal/infrastructure/messaging/kafka/publisher.go:35.25,37.3 1 0
accounter/internal/infrastructure/messaging/kafka/publisher.go:39.2,39.49 1 0
accounter/internal/infrastructure/auth/auth.go:20.60,24.2 1 0
accounter/internal/infrastructure/auth/auth.go:27.143,28.73 1 0
accounter/internal/infrastructure/auth/auth.go:28.73,31.3 1 0
accounter/internal/infrastructure/auth/auth.go:31.8,36.3 3 0
accounter/internal/infrastructure/auth/auth.go:40.127,41.57 1 0
accounter/internal/infrastructure/auth/auth.go:41.57,43.3 1 0
accounter/internal/infrastructure/auth/auth.go:45.2,45.61 1 0
accounter/internal/infrastructure/auth/auth.go:45.61,48.3 1 0
accounter/internal/infrastructure/auth/auth.go:48.8,48.57 1 0
accounter/internal/infrastructure/auth/auth.go:48.57,51.3 1 0
accounter/internal/infrastructure/auth/auth.go:51.8,56.3 3 0
accounter/internal/infrastructure/auth/auth.go:60.65,65.16 3 0
accounter/internal/infrastructure/auth/auth.go:65.16,67.3 1 0
accounter/internal/infrastructure/auth/auth.go:69.2,71.12 2 0
accounter/internal/infrastructure/auth/auth.go:87.35,88.40 1 0
accounter/internal/infrastructure/auth/auth.go:88.40,90.3 1 0
accounter/internal/infrastructure/auth/auth.go:92.2,92.12 1 0
accounter/internal/infrastructure/auth/auth.go:96.92,100.2 2 0
accounter/internal/infrastructure/auth/auth.go:103.57,106.56 2 0
accounter/internal/infrastructure/auth/auth.go:106.56,108.3 1 0
accounter/internal/infrastructure/auth/auth.go:110.2,110.27 1 0
accounter/internal/infrastructure/auth/auth.go:114.60,115.74 1 0
accounter/internal/infrastructure/auth/auth.go:115.74,117.3 1 0
accounter/internal/infrastructure/auth/auth.go:119.2,119.12 1 0
accounter/internal/infrastructure/common/message.go:27.48,28.16 1 0
accounter/internal/infrastructure/common/message.go:28.16,31.3 2 0
accounter/internal/infrastructure/common/message.go:35.43,37.2 1 0
accounter/internal/infrastructure/common/message.go:39.45,43.2 2 0
accounter/internal/infrastructure/common/message.go:45.50,48.32 2 0
accounter/internal/infrastructure/common/message.go:49.14,50.15 1 0
accounter/internal/infrastructure/common/message.go:51.14,52.23 1 0
accounter/internal/infrastructure/common/message.go:53.22,54.39 1 0
accounter/internal/infrastructure/common/message.go:55.10,56.44 1 0
accounter/internal/infrastructure/common/message.go:59.2,59.38 1 0
accounter/internal/infrastructure/common/response.go:30.40,32.2 1 0
accounter/internal/infrastructure/renderers/task.go:38.57,39.26 1 0
accounter/internal/infrastructure/renderers/task.go:39.26,54.3 4 0
accounter/internal/infrastructure/renderers/task.go:56.2,58.38 2 0
accounter/internal/infrastructure/renderers/task.go:58.38,60.3 1 0
accounter/internal/infrastructure/renderers/task.go:62.2,62.8 1 0
accounter/internal/infrastructure/renderers/task.go:66.38,72.2 2 0
accounter/internal/infrastructure/renderers/task.go:83.64,93.2 8 0
accounter/internal/infrastructure/renderers/task.go:96.84,98.2 1 0
accounter/internal/infrastructure/renderers/task.go:101.98,104.46 2 0
accounter/internal/infrastructure/renderers/task.go:104.46,106.3 1 0
accounter/internal/infrastructure/renderers/task.go:108.2,108.109 1 0
accounter/internal/infrastructure/renderers/task.go:113.70,115.2 1 0
accounter/internal/infrastructure/renderers/task.go:118.70,120.2 1 0
accounter/internal/infrastructure/renderers/task.go:123.71,125.2 1 0
accounter/internal/infrastructure/renderers/task.go:128.70,133.2 3 0
accounter/internal/infrastructure/renderers/task.go:136.71,141.2 3 0
accounter/internal/infrastructure/renderers/task.go:144.71,146.2 1 0
accounter/internal/infrastructure/renderers/task.go:149.71,152.16 2 0
accounter/internal/infrastructure/renderers/task.go:152.16,154.3 1 0
accounter/internal/infrastructure/renderers/task.go:156.2,158.48 2 0
accounter/internal/infrastructure/renderers/task.go:158.48,160.3 1 0
accounter/internal/infrastructure/renderers/task.go:162.2,162.17 1 0
accounter/internal/infrastructure/ui/wasm-goap/app.go:23.61,35.2 3 0
accounter/internal/infrastructure/ui/wasm-goap/app.go:37.29,39.2 1 0
accounter/internal/infrastructure/ui/wasm-goap/app.go:41.46,42.37 1 0
accounter/internal/infrastructure/ui/wasm-goap/app.go:42.37,42.75 1 0
accounter/internal/infrastructure/ui/wasm-goap/app.go:43.2,43.42 1 0
accounter/internal/infrastructure/ui/wasm-goap/app.go:43.42,43.78 1 0
accounter/internal/infrastructure/ui/wasm-goap/app.go:44.2,44.49 1 0
accounter/internal/infrastructure/ui/wasm-goap/app.go:44.49,44.92 1 0
accounter/internal/infrastructure/ui/wasm-goap/app.go:45.2,45.42 1 0
accounter/internal/infrastructure/ui/wasm-goap/app.go:45.42,45.78 1 0
accounter/internal/infrastructure/ui/wasm-goap/app.go:47.2,78.53 3 0
accounter/internal/infrastructure/ui/wasm-goap/app.go:78.53,80.4 1 0
accounter/internal/infrastructure/ui/wasm-goap/app.go:84.2,84.30 1 0
accounter/internal/infrastructure/transport/rest/endpoints/v1/auth.go:9.55,15.44 2 0
accounter/internal/infrastructure/transport/rest/endpoints/v1/auth.go:15.44,18.3 1 0
accounter/internal/infrastructure/transport/rest/endpoints/v1/auth.go:18.8,18.109 1 0
accounter/internal/infrastructure/transport/rest/endpoints/v1/auth.go:18.109,21.3 1 0
accounter/internal/infrastructure/transport/rest/endpoints/v1/auth.go:21.8,23.3 1 0
accounter/internal/infrastructure/transport/rest/endpoints/v1/auth.go:26.49,29.76 2 0
accounter/internal/infrastructure/transport/rest/endpoints/v1/auth.go:29.76,32.3 1 0
accounter/internal/infrastructure/transport/rest/endpoints/v1/auth.go:32.8,34.3 1 0
accounter/internal/infrastructure/transport/rest/endpoints/v1/engine.go:44.47,54.2 1 0
accounter/internal/infrastructure/transport/rest/endpoints/v1/engine.go:68.68,72.2 2 0
accounter/internal/infrastructure/transport/rest/endpoints/v1/engine.go:75.59,77.2 1 0
accounter/internal/infrastructure/transport/rest/endpoints/v1/engine.go:80.50,83.45 2 0
accounter/internal/infrastructure/transport/rest/endpoints/v1/engine.go:83.45,85.3 1 0
accounter/internal/infrastructure/transport/rest/endpoints/v1/engine.go:87.2,106.31 5 0
accounter/internal/infrastructure/transport/rest/endpoints/v1/engine.go:110.54,118.2 2 0
accounter/internal/infrastructure/transport/rest/endpoints/v1/engine.go:121.66,128.2 2 0
accounter/internal/infrastructure/transport/rest/endpoints/v1/engine.go:131.94,132.16 1 0
accounter/internal/infrastructure/transport/rest/endpoints/v1/engine.go:133.28,134.96 1 0
accounter/internal/infrastructure/transport/rest/endpoints/v1/engine.go:136.27,137.39 1 0
accounter/internal/infrastructure/transport/rest/endpoints/v1/engine.go:139.28,140.47 1 0
accounter/internal/infrastructure/transport/rest/endpoints/v1/engine.go:142.28,143.40 1 0
accounter/internal/infrastructure/transport/rest/endpoints/v1/engine.go:145.27,146.46 1 0
accounter/internal/infrastructure/transport/rest/endpoints/v1/engine.go:148.28,149.102 1 0
accounter/internal/infrastructure/transport/rest/endpoints/v1/engine.go:151.10,152.55 1 0
accounter/internal/infrastructure/transport/rest/endpoints/v1/engine.go:155.2,158.27 3 0
accounter/internal/infrastructure/transport/rest/endpoints/v1/event.go:9.50,10.63 1 0
accounter/internal/infrastructure/transport/rest/endpoints/v1/event.go:10.63,13.3 1 0
accounter/internal/infrastructure/transport/rest/endpoints/v1/event.go:13.8,15.3 1 0
accounter/internal/infrastructure/transport/rest/endpoints/v1/middlewares.go:14.58,15.30 1 0
accounter/internal/infrastructure/transport/rest/endpoints/v1/middlewares.go:15.30,21.77 2 0
accounter/internal/infrastructure/transport/rest/endpoints/v1/middlewares.go:21.77,24.4 1 0
accounter/internal/infrastructure/transport/rest/endpoints/v1/middlewares.go:24.9,27.4 2 0
accounter/internal/infrastructure/transport/rest/endpoints/v1/middlewares.go:29.3,29.11 1 0
accounter/internal/infrastructure/transport/rest/endpoints/v1/middlewares.go:34.47,35.30 1 0
accounter/internal/infrastructure/transport/rest/endpoints/v1/middlewares.go:35.30,43.23 7 0
accounter/internal/infrastructure/transport/rest/endpoints/v1/middlewares.go:43.23,49.18 2 0
accounter/internal/infrastructure/transport/rest/endpoints/v1/middlewares.go:49.18,51.5 1 0
accounter/internal/infrastructure/transport/rest/endpoints/v1/middlewares.go:51.10,51.40 1 0
accounter/internal/infrastructure/transport/rest/endpoints/v1/middlewares.go:51.40,54.32 2 0
accounter/internal/infrastructure/transport/rest/endpoints/v1/middlewares.go:54.32,56.6 1 0
accounter/internal/infrastructure/transport/rest/endpoints/v1/middlewares.go:58.5,58.64 1 0
accounter/internal/infrastructure/transport/rest/endpoints/v1/middlewares.go:61.4,61.23 1 0
accounter/internal/infrastructure/transport/rest/endpoints/v1/task.go:13.49,17.46 3 0
accounter/internal/infrastructure/transport/rest/endpoints/v1/task.go:17.46,20.3 1 0
accounter/internal/infrastructure/transport/rest/endpoints/v1/task.go:20.8,20.79 1 0
accounter/internal/infrastructure/transport/rest/endpoints/v1/task.go:20.79,23.3 1 0
accounter/internal/infrastructure/transport/rest/endpoints/v1/task.go:23.8,25.3 1 0
accounter/internal/infrastructure/transport/rest/endpoints/v1/task.go:28.45,32.44 3 0
accounter/internal/infrastructure/transport/rest/endpoints/v1/task.go:32.44,35.3 1 0
accounter/internal/infrastructure/transport/rest/endpoints/v1/task.go:35.8,35.67 1 0
accounter/internal/infrastructure/transport/rest/endpoints/v1/task.go:35.67,38.3 1 0
accounter/internal/infrastructure/transport/rest/endpoints/v1/task.go:38.8,40.3 1 0
accounter/internal/infrastructure/transport/rest/endpoints/v1/task.go:43.47,46.41 2 0
accounter/internal/infrastructure/transport/rest/endpoints/v1/task.go:46.41,49.3 1 0
accounter/internal/infrastructure/transport/rest/endpoints/v1/task.go:49.8,49.65 1 0
accounter/internal/infrastructure/transport/rest/endpoints/v1/task.go:49.65,52.3 1 0
accounter/internal/infrastructure/transport/rest/endpoints/v1/task.go:52.8,54.3 1 0
accounter/internal/infrastructure/transport/rest/endpoints/v1/task.go:57.48,62.46 4 0
accounter/internal/infrastructure/transport/rest/endpoints/v1/task.go:62.46,65.3 1 0
accounter/internal/infrastructure/transport/rest/endpoints/v1/task.go:65.8,65.79 1 0
accounter/internal/infrastructure/transport/rest/endpoints/v1/task.go:65.79,68.3 1 0
accounter/internal/infrastructure/transport/rest/endpoints/v1/task.go:68.8,68.81 1 0
accounter/internal/infrastructure/transport/rest/endpoints/v1/task.go:68.81,71.3 1 0
accounter/internal/infrastructure/transport/rest/endpoints/v1/task.go:71.8,73.3 1 0
accounter/internal/infrastructure/transport/rest/endpoints/v1/user.go:13.49,16.46 2 0
accounter/internal/infrastructure/transport/rest/endpoints/v1/user.go:16.46,19.3 1 0
accounter/internal/infrastructure/transport/rest/endpoints/v1/user.go:19.8,19.77 1 0
accounter/internal/infrastructure/transport/rest/endpoints/v1/user.go:19.77,22.3 1 0
accounter/internal/infrastructure/transport/rest/endpoints/v1/user.go:22.8,24.3 1 0
accounter/internal/infrastructure/transport/rest/endpoints/v1/user.go:27.45,30.44 2 0
accounter/internal/infrastructure/transport/rest/endpoints/v1/user.go:30.44,33.3 1 0
accounter/internal/infrastructure/transport/rest/endpoints/v1/user.go:33.8,33.82 1 0
accounter/internal/infrastructure/transport/rest/endpoints/v1/user.go:33.82,36.3 1 0
accounter/internal/infrastructure/transport/rest/endpoints/v1/user.go:36.8,38.3 1 0
accounter/internal/infrastructure/transport/rest/endpoints/v1/user.go:41.47,42.41 1 0
accounter/internal/infrastructure/transport/rest/endpoints/v1/user.go:42.41,45.3 1 0
accounter/internal/infrastructure/transport/rest/endpoints/v1/user.go:45.8,45.80 1 0
accounter/internal/infrastructure/transport/rest/endpoints/v1/user.go:45.80,48.3 1 0
accounter/internal/infrastructure/transport/rest/endpoints/v1/user.go:48.8,50.3 1 0
accounter/internal/infrastructure/transport/rest/endpoints/v1/user.go:53.49,54.43 1 0
accounter/internal/infrastructure/transport/rest/endpoints/v1/user.go:54.43,57.3 1 0
accounter/internal/infrastructure/transport/rest/endpoints/v1/user.go:57.8,57.80 1 0
accounter/internal/infrastructure/transport/rest/endpoints/v1/user.go:57.80,60.3 1 0
accounter/internal/infrastructure/transport/rest/endpoints/v1/user.go:60.8,62.3 1 0
accounter/internal/infrastructure/transport/websocket/websocket.go:63.110,72.44 1 0
accounter/internal/infrastructure/transport/websocket/websocket.go:72.44,74.5 1 0
accounter/internal/infrastructure/transport/websocket/websocket.go:80.43,82.2 1 0
accounter/internal/infrastructure/transport/websocket/websocket.go:85.120,90.16 3 0
accounter/internal/infrastructure/transport/websocket/websocket.go:90.16,93.3 2 0
accounter/internal/infrastructure/transport/websocket/websocket.go:95.2,102.51 2 0
accounter/internal/infrastructure/transport/websocket/websocket.go:102.51,105.3 2 0
accounter/internal/infrastructure/transport/websocket/websocket.go:107.2,107.12 1 0
accounter/internal/infrastructure/transport/websocket/websocket.go:111.73,114.6 2 0
accounter/internal/infrastructure/transport/websocket/websocket.go:114.6,117.17 2 0
accounter/internal/infrastructure/transport/websocket/websocket.go:117.17,119.4 1 0
accounter/internal/infrastructure/transport/websocket/websocket.go:121.3,124.17 3 0
accounter/internal/infrastructure/transport/websocket/websocket.go:124.17,126.4 1 0
accounter/internal/infrastructure/transport/websocket/websocket.go:131.52,132.9 1 0
accounter/internal/infrastructure/transport/websocket/websocket.go:133.18,134.9 1 0
accounter/internal/infrastructure/transport/websocket/websocket.go:136.61,137.64 1 0
accounter/internal/infrastructure/transport/websocket/websocket.go:139.67,140.66 1 0
accounter/internal/infrastructure/transport/websocket/websocket.go:142.10,143.55 1 0
accounter/internal/infrastructure/transport/websocket/websocket.go:148.135,154.29 4 0
accounter/internal/infrastructure/transport/websocket/websocket.go:154.29,155.48 1 0
accounter/internal/infrastructure/transport/websocket/websocket.go:155.48,158.4 2 0
accounter/internal/infrastructure/transport/websocket/websocket.go:161.2,161.18 1 0
accounter/internal/infrastructure/transport/websocket/websocket.go:162.50,163.35 1 0
accounter/internal/infrastructure/transport/websocket/websocket.go:165.28,166.35 1 0
accounter/internal/infrastructure/transport/websocket/websocket.go:168.30,169.51 1 0
accounter/internal/infrastructure/transport/websocket/websocket.go:169.51,171.4 1 0
accounter/internal/infrastructure/transport/websocket/websocket.go:173.10,175.21 2 0
accounter/internal/infrastructure/transport/websocket/websocket.go:178.2,178.8 1 0
accounter/internal/infrastructure/transport/websocket/websocket.go:182.98,186.54 3 0
accounter/internal/infrastructure/transport/websocket/websocket.go:186.54,188.3 1 0
accounter/internal/infrastructure/transport/websocket/websocket.go:190.2,190.12 1 0
accounter/internal/infrastructure/transport/websocket/websocket.go:194.95,195.38 1 0
accounter/internal/infrastructure/transport/websocket/websocket.go:195.38,197.3 1 0
accounter/internal/infrastructure/transport/websocket/websocket.go:199.2,199.44 1 0
accounter/internal/infrastructure/transport/websocket/websocket.go:199.44,202.3 1 0
accounter/internal/infrastructure/transport/websocket/websocket.go:202.8,202.93 1 0
accounter/internal/infrastructure/transport/websocket/websocket.go:202.93,205.3 1 0
accounter/internal/infrastructure/transport/websocket/websocket.go:205.8,210.3 3 0
accounter/internal/infrastructure/transport/websocket/websocket.go:212.2,212.12 1 0
accounter/internal/infrastructure/transport/websocket/websocket.go:216.61,219.2 2 0
accounter/internal/infrastructure/transport/websocket/websocket.go:222.64,228.2 4 0
accounter/internal/infrastructure/transport/websocket/websocket.go:231.67,232.29 1 0
accounter/internal/infrastructure/transport/websocket/websocket.go:232.29,234.3 1 0
accounter/internal/infrastructure/transport/websocket/websocket.go:236.2,238.9 2 0
accounter/internal/infrastructure/transport/websocket/websocket.go:238.9,240.3 1 0
accounter/internal/infrastructure/transport/websocket/websocket.go:242.2,242.63 1 0
accounter/internal/infrastructure/transport/websocket/websocket.go:242.63,244.3 1 0
accounter/internal/infrastructure/transport/websocket/websocket.go:246.2,246.20 1 0
accounter/internal/infrastructure/transport/websocket/websocket.go:246.20,248.3 1 0
accounter/internal/infrastructure/transport/websocket/websocket.go:248.8,250.3 1 0
accounter/internal/infrastructure/transport/websocket/websocket.go:252.2,252.67 1 0
accounter/internal/infrastructure/transport/websocket/websocket.go:255.69,261.48 2 0
accounter/internal/infrastructure/transport/websocket/websocket.go:261.48,263.3 1 0
accounter/internal/infrastructure/transport/websocket/websocket.go:265.2,265.12 1 0
accounter/internal/infrastructure/transport/websocket/websocket.go:269.104,272.2 2 0
accounter/internal/infrastructure/transport/websocket/websocket.go:275.105,276.48 1 0
accounter/internal/infrastructure/transport/websocket/websocket.go:276.48,277.30 1 0
accounter/internal/infrastructure/transport/websocket/websocket.go:277.30,278.21 1 0
accounter/internal/infrastructure/transport/websocket/websocket.go:278.21,280.5 1 0
accounter/internal/infrastructure/transport/websocket/websocket.go:284.2,284.8 1 0
accounter/internal/infrastructure/transport/websocket/websocket.go:288.84,289.25 1 0
accounter/internal/infrastructure/transport/websocket/websocket.go:289.25,290.46 1 0
accounter/internal/infrastructure/transport/websocket/websocket.go:290.46,292.4 1 0
accounter/internal/infrastructure/transport/websocket/websocket.go:297.101,298.29 1 0
accounter/internal/infrastructure/transport/websocket/websocket.go:298.29,300.3 1 0
accounter/internal/infrastructure/transport/websocket/websocket.go:304.73,311.2 4 0
accounter/internal/infrastructure/transport/websocket/websocket.go:314.80,319.2 3 0
accounter/internal/infrastructure/transport/websocket/websocket.go:322.39,327.2 3 0
accounter/internal/infrastructure/transport/rest/server.go:23.32,25.2 1 0
accounter/internal/infrastructure/transport/rest/server.go:28.49,30.2 1 0
accounter/internal/infrastructure/transport/rest/server.go:33.112,38.55 1 0
accounter/internal/infrastructure/transport/rest/server.go:38.55,38.69 1 0
accounter/internal/infrastructure/transport/rest/server.go:48.70,49.19 1 0
accounter/internal/infrastructure/transport/rest/server.go:49.19,51.3 1 0
accounter/internal/infrastructure/transport/rest/server.go:51.8,53.3 1 0
accounter/internal/infrastructure/transport/rest/server.go:55.2,65.45 3 0
accounter/internal/infrastructure/transport/rest/server.go:65.45,67.4 1 0
accounter/internal/infrastructure/transport/rest/server.go:71.2,73.35 2 0
accounter/internal/infrastructure/transport/rest/server.go:73.35,75.3 1 0
accounter/internal/infrastructure/transport/rest/server.go:77.2,77.33 1 0
accounter/internal/infrastructure/transport/rest/server.go:77.33,79.3 1 0
accounter/internal/infrastructure/transport/rest/server.go:81.2,81.10 1 0
accounter/pkg/logger/logger.go:34.25,35.32 1 0
accounter/pkg/logger/logger.go:35.32,37.3 1 0
accounter/pkg/logger/logger.go:41.55,44.16 2 0
accounter/pkg/logger/logger.go:44.16,46.3 1 0
accounter/pkg/logger/logger.go:48.2,50.42 2 0
accounter/pkg/logger/logger.go:50.42,52.3 1 0
accounter/pkg/logger/logger.go:54.2,54.12 1 0
accounter/pkg/logger/logger.go:58.52,60.2 1 0
accounter/pkg/logger/logger.go:63.34,65.2 1 0
accounter/pkg/logger/logger.go:68.51,70.2 1 0
accounter/pkg/logger/logger.go:73.34,75.2 1 0
accounter/pkg/logger/logger.go:78.51,80.2 1 0
accounter/pkg/logger/logger.go:83.35,85.2 1 1
accounter/pkg/logger/logger.go:88.52,90.2 1 0
accounter/pkg/logger/logger.go:93.35,95.2 1 0
accounter/pkg/logger/logger.go:98.52,100.2 1 0
accounter/pkg/logger/logger.go:103.38,106.2 2 0
accounter/pkg/logger/logger.go:109.52,112.2 2 0
accounter/pkg/logger/logger.go:115.53,125.2 7 1
accounter/pkg/logger/logger.go:130.39,136.11 5 1
accounter/pkg/logger/logger.go:136.11,138.3 1 1
accounter/pkg/logger/logger.go:138.8,140.3 1 1
accounter/pkg/logger/logger.go:142.2,142.10 1 1
accounter/pkg/utils/containers.go:15.38,17.2 1 1
accounter/pkg/utils/containers.go:20.50,23.19 2 1
accounter/pkg/utils/containers.go:23.19,25.3 1 1
accounter/pkg/utils/containers.go:27.2,27.15 1 1
accounter/pkg/utils/containers.go:31.52,34.22 2 1
accounter/pkg/utils/containers.go:34.22,36.3 1 1
accounter/pkg/utils/containers.go:38.2,38.15 1 1
accounter/pkg/utils/containers.go:48.62,52.2 1 1
accounter/pkg/utils/containers.go:55.39,57.2 1 1
accounter/pkg/utils/containers.go:60.40,62.2 1 1
accounter/pkg/utils/containers.go:65.53,66.37 1 1
accounter/pkg/utils/containers.go:66.37,67.29 1 1
accounter/pkg/utils/containers.go:67.29,68.30 1 1
accounter/pkg/utils/containers.go:68.30,70.5 1 0
accounter/pkg/utils/containers.go:76.50,77.34 1 1
accounter/pkg/utils/containers.go:77.34,78.29 1 1
accounter/pkg/utils/containers.go:78.29,79.27 1 1
accounter/pkg/utils/containers.go:79.27,81.5 1 0
accounter/pkg/utils/containers.go:87.36,89.2 1 1
accounter/pkg/utils/containers.go:92.57,94.2 1 1
accounter/pkg/utils/containers.go:97.49,98.36 1 1
accounter/pkg/utils/containers.go:98.36,100.3 1 1
accounter/pkg/utils/containers.go:102.2,102.23 1 1
accounter/pkg/utils/containers.go:106.50,109.2 2 1
accounter/pkg/utils/containers.go:112.43,114.54 2 1
accounter/pkg/utils/containers.go:114.54,114.73 1 1
accounter/pkg/utils/containers.go:124.53,130.32 4 1
accounter/pkg/utils/containers.go:130.32,131.15 1 1
accounter/pkg/utils/containers.go:131.15,133.9 2 1
accounter/pkg/utils/containers.go:137.2,137.17 1 1
accounter/pkg/utils/containers.go:137.17,139.3 1 1
accounter/pkg/utils/containers.go:143.39,147.33 3 1
accounter/pkg/utils/containers.go:147.33,149.3 1 1
accounter/pkg/utils/containers.go:151.2,151.44 1 1
accounter/pkg/utils/containers.go:155.44,160.2 3 1
accounter/pkg/utils/containers.go:163.38,172.2 5 1
accounter/pkg/utils/containers.go:175.35,180.2 3 1
accounter/pkg/utils/containers.go:189.54,193.2 1 1
accounter/pkg/utils/containers.go:196.38,199.34 2 1
accounter/pkg/utils/containers.go:199.34,200.27 1 1
accounter/pkg/utils/containers.go:200.27,202.4 1 1
accounter/pkg/utils/containers.go:205.2,205.15 1 1
accounter/pkg/utils/containers.go:209.36,212.34 2 1
accounter/pkg/utils/containers.go:212.34,213.24 1 1
accounter/pkg/utils/containers.go:213.24,215.4 1 1
accounter/pkg/utils/containers.go:218.2,218.15 1 1
accounter/pkg/utils/containers.go:222.51,223.34 1 1
accounter/pkg/utils/containers.go:223.34,225.3 1 1
accounter/pkg/utils/containers.go:227.2,227.8 1 1
accounter/pkg/utils/containers.go:231.39,232.33 1 1
accounter/pkg/utils/containers.go:232.33,234.3 1 1
accounter/pkg/utils/containers.go:238.33,239.33 1 1
accounter/pkg/utils/containers.go:239.33,241.3 1 1
accounter/pkg/utils/containers.go:245.37,246.33 1 1
accounter/pkg/utils/containers.go:246.33,248.3 1 1
accounter/pkg/utils/containers.go:252.59,257.2 3 1
accounter/pkg/utils/containers.go:260.58,265.2 3 1
accounter/pkg/utils/dateutils.go:6.51,13.2 5 1
accounter/pkg/utils/dateutils.go:16.44,18.2 1 1
accounter/pkg/utils/dateutils.go:21.44,23.2 1 1
accounter/pkg/utils/dateutils.go:26.38,28.2 1 1
accounter/pkg/utils/dateutils.go:31.38,33.2 1 1
accounter/pkg/utils/documents.go:20.48,23.13 2 1
accounter/pkg/utils/documents.go:24.29,25.24 1 1
accounter/pkg/utils/documents.go:27.29,28.24 1 1
accounter/pkg/utils/documents.go:30.28,31.24 1 1
accounter/pkg/utils/documents.go:33.21,34.23 1 1
accounter/pkg/utils/documents.go:36.21,37.23 1 1
accounter/pkg/utils/documents.go:39.21,40.23 1 1
accounter/pkg/utils/documents.go:42.31,43.24 1 1
accounter/pkg/utils/documents.go:46.2,46.10 1 1
accounter/pkg/utils/formatters.go:15.51,26.32 7 1
accounter/pkg/utils/formatters.go:26.32,27.24 1 1
accounter/pkg/utils/formatters.go:27.24,29.4 1 1
accounter/pkg/utils/formatters.go:31.3,31.25 1 1
accounter/pkg/utils/formatters.go:34.2,34.39 1 1
accounter/pkg/utils/formatters.go:38.37,41.54 2 1
accounter/pkg/utils/formatters.go:41.54,43.3 1 1
accounter/pkg/utils/formatters.go:45.2,45.22 1 1
accounter/pkg/utils/formatters.go:49.63,56.17 2 1
accounter/pkg/utils/formatters.go:56.17,59.3 2 1
accounter/pkg/utils/formatters.go:61.2,61.37 1 1
accounter/pkg/utils/formatters.go:65.29,67.2 1 1
accounter/pkg/utils/formatters.go:72.59,76.2 2 1
accounter/pkg/utils/helpers.go:14.26,15.14 1 1
accounter/pkg/utils/helpers.go:15.14,17.3 1 1
accounter/pkg/utils/helpers.go:19.2,19.50 1 1
accounter/pkg/utils/helpers.go:19.50,20.33 1 0
accounter/pkg/utils/helpers.go:20.33,22.4 1 0
accounter/pkg/utils/helpers.go:23.8,23.55 1 1
accounter/pkg/utils/helpers.go:23.55,24.36 1 1
accounter/pkg/utils/helpers.go:24.36,26.4 1 1
accounter/pkg/utils/helpers.go:27.8,27.53 1 1
accounter/pkg/utils/helpers.go:27.53,28.36 1 1
accounter/pkg/utils/helpers.go:28.36,30.4 1 1
accounter/pkg/utils/helpers.go:33.2,33.24 1 1
accounter/pkg/utils/helpers.go:34.14,35.18 1 1
accounter/pkg/utils/helpers.go:36.15,37.19 1 0
accounter/pkg/utils/helpers.go:38.11,39.17 1 1
accounter/pkg/utils/helpers.go:40.12,41.18 1 0
accounter/pkg/utils/helpers.go:42.12,43.17 1 0
accounter/pkg/utils/helpers.go:44.13,45.18 1 0
accounter/pkg/utils/helpers.go:46.13,47.17 1 0
accounter/pkg/utils/helpers.go:48.14,49.18 1 0
accounter/pkg/utils/helpers.go:50.13,51.17 1 0
accounter/pkg/utils/helpers.go:52.14,53.18 1 0
accounter/pkg/utils/helpers.go:54.15,55.17 1 0
accounter/pkg/utils/helpers.go:56.16,57.18 1 0
accounter/pkg/utils/helpers.go:58.15,59.17 1 0
accounter/pkg/utils/helpers.go:60.16,61.18 1 0
accounter/pkg/utils/helpers.go:62.12,63.13 1 0
accounter/pkg/utils/helpers.go:64.13,65.14 1 0
accounter/pkg/utils/helpers.go:67.10,68.15 1 1
accounter/pkg/utils/helpers.go:73.45,75.2 1 1
accounter/pkg/utils/helpers.go:78.48,79.27 1 1
accounter/pkg/utils/helpers.go:79.27,80.24 1 1
accounter/pkg/utils/helpers.go:80.24,82.4 1 1
accounter/pkg/utils/helpers.go:85.2,85.14 1 1
accounter/pkg/utils/helpers.go:89.42,92.23 2 1
accounter/pkg/utils/helpers.go:92.23,94.3 1 1
accounter/pkg/utils/helpers.go:96.2,96.33 1 1
accounter/pkg/utils/helpers.go:100.58,103.23 2 1
accounter/pkg/utils/helpers.go:103.23,105.3 1 1
accounter/pkg/utils/helpers.go:107.2,107.33 1 1
accounter/pkg/utils/helpers.go:111.40,112.29 1 1
accounter/pkg/utils/helpers.go:113.15,114.13 1 1
accounter/pkg/utils/helpers.go:115.13,116.13 1 0
accounter/pkg/utils/helpers.go:117.12,118.13 1 1
accounter/pkg/utils/helpers.go:119.14,120.13 1 0
accounter/pkg/utils/helpers.go:121.16,122.13 1 0
accounter/pkg/utils/helpers.go:123.16,124.13 1 0
accounter/pkg/utils/helpers.go:125.13,126.13 1 1
accounter/pkg/utils/helpers.go:128.10,129.13 1 0
accounter/pkg/utils/helpers.go:134.37,139.2 3 1
accounter/pkg/utils/helpers.go:143.46,146.2 2 0
accounter/pkg/utils/helpers.go:149.54,151.2 1 1
accounter/pkg/utils/helpers.go:154.56,158.20 3 1
accounter/pkg/utils/helpers.go:159.22,160.23 1 1
accounter/pkg/utils/helpers.go:162.20,163.53 1 1
accounter/pkg/utils/helpers.go:163.53,165.4 1 1
accounter/pkg/utils/helpers.go:167.40,168.58 1 1
accounter/pkg/utils/helpers.go:168.58,170.4 1 1
accounter/pkg/utils/helpers.go:172.78,173.60 1 1
accounter/pkg/utils/helpers.go:173.60,175.4 1 1
accounter/pkg/utils/helpers.go:177.83,178.61 1 0
accounter/pkg/utils/helpers.go:178.61,180.4 1 0
accounter/pkg/utils/helpers.go:183.2,183.8 1 1
accounter/pkg/utils/helpers.go:187.55,188.29 1 1
accounter/pkg/utils/helpers.go:188.29,189.20 1 1
accounter/pkg/utils/helpers.go:189.20,191.4 1 1
accounter/pkg/utils/helpers.go:194.2,194.8 1 1
accounter/pkg/utils/helpers.go:198.58,201.23 2 1
accounter/pkg/utils/helpers.go:201.23,203.3 1 1
accounter/pkg/utils/helpers.go:205.2,208.8 3 1
accounter/pkg/utils/requests.go:21.25,25.2 1 1
accounter/pkg/utils/requests.go:28.43,29.30 1 1
accounter/pkg/utils/requests.go:29.30,30.20 1 1
accounter/pkg/utils/requests.go:30.20,32.4 1 1
accounter/pkg/utils/requests.go:35.2,35.10 1 1
accounter/pkg/utils/requests.go:39.53,42.2 2 1
accounter/pkg/utils/requests.go:45.53,48.2 2 1
accounter/pkg/utils/requests.go:51.41,52.42 1 1
accounter/pkg/utils/requests.go:52.42,54.3 1 1
accounter/pkg/utils/requests.go:56.2,56.26 1 1
accounter/pkg/utils/requests.go:60.45,63.2 2 1
accounter/pkg/utils/requests.go:66.34,67.24 1 1
accounter/pkg/utils/requests.go:67.24,69.3 1 1
accounter/pkg/utils/requests.go:71.2,71.32 1 1
accounter/pkg/utils/requests.go:85.54,89.2 2 1
accounter/pkg/utils/requests.go:92.50,93.34 1 1
accounter/pkg/utils/requests.go:93.34,95.3 1 1
accounter/pkg/utils/requests.go:97.2,99.10 2 1
accounter/pkg/utils/requests.go:103.61,107.2 2 1
accounter/pkg/utils/requests.go:110.54,113.2 2 1
accounter/pkg/utils/requests.go:116.53,120.2 2 1
accounter/pkg/utils/requests.go:123.58,127.2 2 1
accounter/pkg/utils/requests.go:130.67,134.2 2 1
accounter/pkg/utils/requests.go:137.47,144.2 1 1
accounter/pkg/utils/requests.go:147.40,151.2 2 1
accounter/pkg/utils/requests.go:154.37,156.2 1 1
accounter/pkg/utils/requests.go:167.56,173.16 4 1
accounter/pkg/utils/requests.go:173.16,175.3 1 0
accounter/pkg/utils/requests.go:177.2,179.42 2 1
accounter/pkg/utils/requests.go:179.42,181.3 1 0
accounter/pkg/utils/requests.go:183.2,185.16 2 1
accounter/pkg/utils/requests.go:185.16,187.3 1 0
accounter/pkg/utils/requests.go:189.2,191.97 2 1
accounter/pkg/utils/requests.go:191.97,193.3 1 0
accounter/pkg/utils/requests.go:193.8,195.3 1 1
accounter/pkg/utils/requests.go:197.2,197.8 1 1
accounter/pkg/utils/requests.go:201.131,204.16 2 1
accounter/pkg/utils/requests.go:204.16,206.3 1 0
accounter/pkg/utils/requests.go:208.2,212.42 3 1
accounter/pkg/utils/requests.go:212.42,213.49 1 0
accounter/pkg/utils/requests.go:213.49,215.4 1 0
accounter/pkg/utils/requests.go:217.3,217.36 1 0
accounter/pkg/utils/requests.go:218.8,220.3 1 1
accounter/pkg/utils/requests.go:222.2,222.8 1 1
accounter/pkg/utils/requests.go:228.108,229.64 1 1
accounter/pkg/utils/requests.go:229.64,232.3 1 0
accounter/pkg/utils/requests.go:232.8,235.32 2 1
accounter/pkg/utils/requests.go:235.32,236.27 1 1
accounter/pkg/utils/requests.go:236.27,238.5 1 1
accounter/pkg/utils/requests.go:241.3,243.46 2 1
accounter/pkg/utils/requests.go:243.46,246.4 1 0
accounter/pkg/utils/requests.go:246.9,248.4 1 1
accounter/pkg/utils/validators.go:18.38,24.2 4 1
accounter/pkg/utils/validators.go:27.37,30.28 2 1
accounter/pkg/utils/validators.go:30.28,32.3 1 1
accounter/pkg/utils/validators.go:34.2,34.26 1 1
accounter/internal/infrastructure/ui/wasm-goap/components/BtnIcon.go:23.39,31.50 1 0
accounter/internal/infrastructure/ui/wasm-goap/components/BtnIcon.go:31.51,31.52 0 0
accounter/internal/infrastructure/ui/wasm-goap/components/BtnIcon.go:35.46,39.2 3 0
accounter/internal/infrastructure/ui/wasm-goap/components/BtnIcon.go:41.51,44.2 2 0
accounter/internal/infrastructure/ui/wasm-goap/components/BtnIcon.go:46.46,49.2 2 0
accounter/internal/infrastructure/ui/wasm-goap/components/BtnIcon.go:51.44,54.2 2 0
accounter/internal/infrastructure/ui/wasm-goap/components/BtnIcon.go:56.45,59.2 2 0
accounter/internal/infrastructure/ui/wasm-goap/components/BtnIcon.go:61.47,64.2 2 0
accounter/internal/infrastructure/ui/wasm-goap/components/BtnIcon.go:66.48,69.2 2 0
accounter/internal/infrastructure/ui/wasm-goap/components/BtnIcon.go:71.43,74.2 2 0
accounter/internal/infrastructure/ui/wasm-goap/components/BtnIcon.go:76.75,79.2 2 0
accounter/internal/infrastructure/ui/wasm-goap/components/BtnIcon.go:81.35,97.48 2 0
accounter/internal/infrastructure/ui/wasm-goap/components/BtnIcon.go:97.48,98.20 1 0
accounter/internal/infrastructure/ui/wasm-goap/components/BtnIcon.go:98.20,100.4 1 0
accounter/internal/infrastructure/ui/wasm-goap/components/BtnIcon.go:103.2,103.28 1 0
accounter/internal/infrastructure/ui/wasm-goap/components/BtnIcon.go:103.28,105.3 1 0
accounter/internal/infrastructure/ui/wasm-goap/components/BtnIcon.go:107.2,107.17 1 0
accounter/internal/infrastructure/ui/wasm-goap/components/Calendar.go:40.56,43.2 2 0
accounter/internal/infrastructure/ui/wasm-goap/components/Calendar.go:45.30,48.48 1 0
accounter/internal/infrastructure/ui/wasm-goap/components/Calendar.go:48.49,48.50 0 0
accounter/internal/infrastructure/ui/wasm-goap/components/Calendar.go:52.47,55.2 2 0
accounter/internal/infrastructure/ui/wasm-goap/components/Calendar.go:57.43,60.2 2 0
accounter/internal/infrastructure/ui/wasm-goap/components/Calendar.go:62.43,65.2 2 0
accounter/internal/infrastructure/ui/wasm-goap/components/Calendar.go:67.48,70.2 2 0
accounter/internal/infrastructure/ui/wasm-goap/components/Calendar.go:72.44,75.2 2 0
accounter/internal/infrastructure/ui/wasm-goap/components/Calendar.go:77.52,80.2 2 0
accounter/internal/infrastructure/ui/wasm-goap/components/Calendar.go:82.53,85.2 2 0
accounter/internal/infrastructure/ui/wasm-goap/components/Calendar.go:87.46,90.2 2 0
accounter/internal/infrastructure/ui/wasm-goap/components/Calendar.go:92.57,96.2 2 0
accounter/internal/infrastructure/ui/wasm-goap/components/Calendar.go:98.60,101.2 2 0
accounter/internal/infrastructure/ui/wasm-goap/components/Calendar.go:103.49,106.2 2 0
accounter/internal/infrastructure/ui/wasm-goap/components/Calendar.go:108.49,111.2 2 0
accounter/internal/infrastructure/ui/wasm-goap/components/Calendar.go:113.36,122.2 1 0
accounter/internal/infrastructure/ui/wasm-goap/components/Calendar.go:124.51,127.21 2 0
accounter/internal/infrastructure/ui/wasm-goap/components/Calendar.go:127.21,129.3 1 0
accounter/internal/infrastructure/ui/wasm-goap/components/Calendar.go:129.8,131.3 1 0
accounter/internal/infrastructure/ui/wasm-goap/components/Calendar.go:133.2,133.27 1 0
accounter/internal/infrastructure/ui/wasm-goap/components/Calendar.go:133.27,142.47 2 0
accounter/internal/infrastructure/ui/wasm-goap/components/Calendar.go:142.47,144.5 1 0
accounter/internal/infrastructure/ui/wasm-goap/components/Calendar.go:146.3,146.33 1 0
accounter/internal/infrastructure/ui/wasm-goap/components/Calendar.go:149.2,149.8 1 0
accounter/internal/infrastructure/ui/wasm-goap/components/Calendar.go:152.82,156.16 3 0
accounter/internal/infrastructure/ui/wasm-goap/components/Calendar.go:156.16,157.47 1 0
accounter/internal/infrastructure/ui/wasm-goap/components/Calendar.go:157.47,159.4 1 0
accounter/internal/infrastructure/ui/wasm-goap/components/Calendar.go:161.3,163.21 3 0
accounter/internal/infrastructure/ui/wasm-goap/components/Calendar.go:167.48,170.2 2 0
accounter/internal/infrastructure/ui/wasm-goap/components/Calendar.go:172.39,173.14 1 0
accounter/internal/infrastructure/ui/wasm-goap/components/Calendar.go:174.41,175.23 1 0
accounter/internal/infrastructure/ui/wasm-goap/components/Calendar.go:177.41,178.17 1 0
accounter/internal/infrastructure/ui/wasm-goap/components/Calendar.go:180.49,181.28 1 0
accounter/internal/infrastructure/ui/wasm-goap/components/Calendar.go:184.2,184.11 1 0
accounter/internal/infrastructure/ui/wasm-goap/components/Calendar.go:187.37,188.14 1 0
accounter/internal/infrastructure/ui/wasm-goap/components/Calendar.go:189.41,190.16 1 0
accounter/internal/infrastructure/ui/wasm-goap/components/Calendar.go:192.41,193.16 1 0
accounter/internal/infrastructure/ui/wasm-goap/components/Calendar.go:195.49,196.26 1 0
accounter/internal/infrastructure/ui/wasm-goap/components/Calendar.go:199.2,199.11 1 0
accounter/internal/infrastructure/ui/wasm-goap/components/Calendar.go:202.84,206.21 3 0
accounter/internal/infrastructure/ui/wasm-goap/components/Calendar.go:206.21,207.17 1 0
accounter/internal/infrastructure/ui/wasm-goap/components/Calendar.go:207.17,209.4 1 0
accounter/internal/infrastructure/ui/wasm-goap/components/Calendar.go:209.9,211.4 1 0
accounter/internal/infrastructure/ui/wasm-goap/components/Calendar.go:214.2,214.15 1 0
accounter/internal/infrastructure/ui/wasm-goap/components/Calendar.go:214.15,216.3 1 0
accounter/internal/infrastructure/ui/wasm-goap/components/Calendar.go:218.2,218.15 1 0
accounter/internal/infrastructure/ui/wasm-goap/components/Calendar.go:218.15,220.3 1 0
accounter/internal/infrastructure/ui/wasm-goap/components/Calendar.go:222.2,222.15 1 0
accounter/internal/infrastructure/ui/wasm-goap/components/Calendar.go:222.15,224.3 1 0
accounter/internal/infrastructure/ui/wasm-goap/components/Calendar.go:226.2,226.15 1 0
accounter/internal/infrastructure/ui/wasm-goap/components/Calendar.go:226.15,228.3 1 0
accounter/internal/infrastructure/ui/wasm-goap/components/Calendar.go:230.2,230.8 1 0
accounter/internal/infrastructure/ui/wasm-goap/components/Chart.go:22.42,23.13 1 0
accounter/internal/infrastructure/ui/wasm-goap/components/Chart.go:23.13,25.3 1 0
accounter/internal/infrastructure/ui/wasm-goap/components/Chart.go:28.43,30.2 1 0
accounter/internal/infrastructure/ui/wasm-goap/components/Chart.go:32.33,33.17 1 0
accounter/internal/infrastructure/ui/wasm-goap/components/Chart.go:33.17,35.3 1 0
accounter/internal/infrastructure/ui/wasm-goap/components/Chart.go:37.2,37.10 1 0
accounter/internal/infrastructure/ui/wasm-goap/components/Chart.go:40.32,41.17 1 0
accounter/internal/infrastructure/ui/wasm-goap/components/Chart.go:41.17,43.3 1 0
accounter/internal/infrastructure/ui/wasm-goap/components/Chart.go:45.2,45.41 1 0
accounter/internal/infrastructure/ui/wasm-goap/components/Chart.go:45.41,47.3 1 0
accounter/internal/infrastructure/ui/wasm-goap/components/Chart.go:49.2,49.13 1 0
accounter/internal/infrastructure/ui/wasm-goap/components/Chart.go:52.46,53.17 1 0
accounter/internal/infrastructure/ui/wasm-goap/components/Chart.go:53.17,55.3 1 0
accounter/internal/infrastructure/ui/wasm-goap/components/Chart.go:57.2,63.22 3 0
accounter/internal/infrastructure/ui/wasm-goap/components/Chart.go:63.22,64.92 1 0
accounter/internal/infrastructure/ui/wasm-goap/components/Chart.go:64.92,71.4 3 0
accounter/internal/infrastructure/ui/wasm-goap/components/Chart.go:74.2,74.10 1 0
accounter/internal/infrastructure/ui/wasm-goap/components/Chart.go:77.80,80.2 2 0
accounter/internal/infrastructure/ui/wasm-goap/components/Chart.go:82.37,85.2 2 0
accounter/internal/infrastructure/ui/wasm-goap/components/Chart.go:87.40,90.2 2 0
accounter/internal/infrastructure/ui/wasm-goap/components/Chart.go:92.41,95.2 2 0
accounter/internal/infrastructure/ui/wasm-goap/components/Chart.go:97.65,98.20 1 0
accounter/internal/infrastructure/ui/wasm-goap/components/Chart.go:98.20,100.3 1 0
accounter/internal/infrastructure/ui/wasm-goap/components/Chart.go:102.2,102.10 1 0
accounter/internal/infrastructure/ui/wasm-goap/components/Chart.go:105.61,108.2 2 0
accounter/internal/infrastructure/ui/wasm-goap/components/Chart.go:110.33,118.2 1 0
accounter/internal/infrastructure/ui/wasm-goap/components/Chart.go:120.33,127.2 1 0
accounter/internal/infrastructure/ui/wasm-goap/components/CheckboxField.go:26.57,29.48 1 0
accounter/internal/infrastructure/ui/wasm-goap/components/CheckboxField.go:29.49,29.50 0 0
accounter/internal/infrastructure/ui/wasm-goap/components/CheckboxField.go:33.65,36.2 2 0
accounter/internal/infrastructure/ui/wasm-goap/components/CheckboxField.go:38.60,41.2 2 0
accounter/internal/infrastructure/ui/wasm-goap/components/CheckboxField.go:43.76,46.2 2 0
accounter/internal/infrastructure/ui/wasm-goap/components/CheckboxField.go:48.67,51.2 2 0
accounter/internal/infrastructure/ui/wasm-goap/components/CheckboxField.go:53.67,56.2 2 0
accounter/internal/infrastructure/ui/wasm-goap/components/CheckboxField.go:58.68,61.2 2 0
accounter/internal/infrastructure/ui/wasm-goap/components/CheckboxField.go:63.58,66.2 2 0
accounter/internal/infrastructure/ui/wasm-goap/components/CheckboxField.go:68.61,71.2 2 0
accounter/internal/infrastructure/ui/wasm-goap/components/CheckboxField.go:73.44,89.54 3 0
accounter/internal/infrastructure/ui/wasm-goap/components/CheckboxField.go:89.54,91.4 1 0
accounter/internal/infrastructure/ui/wasm-goap/components/CheckboxField.go:95.66,108.15 2 0
accounter/internal/infrastructure/ui/wasm-goap/components/CheckboxField.go:109.15,110.17 1 0
accounter/internal/infrastructure/ui/wasm-goap/components/CheckboxField.go:111.14,112.18 1 0
accounter/internal/infrastructure/ui/wasm-goap/components/CheckboxField.go:115.2,117.19 2 0
accounter/internal/infrastructure/ui/wasm-goap/components/CheckboxField.go:117.19,120.29 2 0
accounter/internal/infrastructure/ui/wasm-goap/components/CheckboxField.go:120.29,121.21 1 0
accounter/internal/infrastructure/ui/wasm-goap/components/CheckboxField.go:121.21,124.10 3 0
accounter/internal/infrastructure/ui/wasm-goap/components/CheckboxField.go:128.3,128.16 1 0
accounter/internal/infrastructure/ui/wasm-goap/components/CheckboxField.go:128.16,130.4 1 0
accounter/internal/infrastructure/ui/wasm-goap/components/CheckboxField.go:131.8,133.3 1 0
accounter/internal/infrastructure/ui/wasm-goap/components/CheckboxField.go:135.2,135.20 1 0
accounter/internal/infrastructure/ui/wasm-goap/components/CheckboxField.go:138.45,139.19 1 0
accounter/internal/infrastructure/ui/wasm-goap/components/CheckboxField.go:139.19,141.3 1 0
accounter/internal/infrastructure/ui/wasm-goap/components/CheckboxField.go:143.2,143.30 1 0
accounter/internal/infrastructure/ui/wasm-goap/components/CheckboxField.go:146.45,148.2 1 0
accounter/internal/infrastructure/ui/wasm-goap/components/Dialog.go:31.35,41.49 1 0
accounter/internal/infrastructure/ui/wasm-goap/components/Dialog.go:41.50,41.51 0 0
accounter/internal/infrastructure/ui/wasm-goap/components/Dialog.go:42.50,42.51 0 0
accounter/internal/infrastructure/ui/wasm-goap/components/Dialog.go:46.43,47.62 1 0
accounter/internal/infrastructure/ui/wasm-goap/components/Dialog.go:47.62,49.3 1 0
accounter/internal/infrastructure/ui/wasm-goap/components/Dialog.go:52.47,55.2 2 0
accounter/internal/infrastructure/ui/wasm-goap/components/Dialog.go:57.42,60.2 2 0
accounter/internal/infrastructure/ui/wasm-goap/components/Dialog.go:62.70,65.2 2 0
accounter/internal/infrastructure/ui/wasm-goap/components/Dialog.go:67.75,70.2 2 0
accounter/internal/infrastructure/ui/wasm-goap/components/Dialog.go:72.45,73.7 1 0
accounter/internal/infrastructure/ui/wasm-goap/components/Dialog.go:73.7,75.3 1 0
accounter/internal/infrastructure/ui/wasm-goap/components/Dialog.go:75.8,77.3 1 0
accounter/internal/infrastructure/ui/wasm-goap/components/Dialog.go:79.2,79.10 1 0
accounter/internal/infrastructure/ui/wasm-goap/components/Dialog.go:82.45,85.2 2 0
accounter/internal/infrastructure/ui/wasm-goap/components/Dialog.go:87.43,90.2 2 0
accounter/internal/infrastructure/ui/wasm-goap/components/Dialog.go:92.41,95.2 2 0
accounter/internal/infrastructure/ui/wasm-goap/components/Dialog.go:97.45,100.2 2 0
accounter/internal/infrastructure/ui/wasm-goap/components/Dialog.go:102.45,105.2 2 0
accounter/internal/infrastructure/ui/wasm-goap/components/Dialog.go:107.39,110.2 2 0
accounter/internal/infrastructure/ui/wasm-goap/components/Dialog.go:112.40,115.2 2 0
accounter/internal/infrastructure/ui/wasm-goap/components/Dialog.go:117.42,120.2 2 0
accounter/internal/infrastructure/ui/wasm-goap/components/Dialog.go:122.49,125.28 2 0
accounter/internal/infrastructure/ui/wasm-goap/components/Dialog.go:125.28,127.3 1 0
accounter/internal/infrastructure/ui/wasm-goap/components/Dialog.go:129.2,129.16 1 0
accounter/internal/infrastructure/ui/wasm-goap/components/Dialog.go:129.16,131.3 1 0
accounter/internal/infrastructure/ui/wasm-goap/components/Dialog.go:133.2,133.18 1 0
accounter/internal/infrastructure/ui/wasm-goap/components/Dialog.go:133.18,135.3 1 0
accounter/internal/infrastructure/ui/wasm-goap/components/Dialog.go:137.2,137.15 1 0
accounter/internal/infrastructure/ui/wasm-goap/components/Dialog.go:140.26,145.39 2 0
accounter/internal/infrastructure/ui/wasm-goap/components/Dialog.go:145.39,147.3 1 0
accounter/internal/infrastructure/ui/wasm-goap/components/Dialog.go:150.25,155.39 2 0
accounter/internal/infrastructure/ui/wasm-goap/components/Dialog.go:155.39,157.3 1 0
accounter/internal/infrastructure/ui/wasm-goap/components/Dialog.go:160.34,183.43 1 0
accounter/internal/infrastructure/ui/wasm-goap/components/Dialog.go:183.43,195.9 1 0
accounter/internal/infrastructure/ui/wasm-goap/components/Dialog.go:198.42,202.9 1 0
accounter/internal/infrastructure/ui/wasm-goap/components/Dialog.go:202.30,204.9 1 0
accounter/internal/infrastructure/ui/wasm-goap/components/Dialog.go:207.43,213.55 1 0
accounter/internal/infrastructure/ui/wasm-goap/components/Dialog.go:213.55,215.13 1 0
accounter/internal/infrastructure/ui/wasm-goap/components/Dialog.go:220.55,222.13 1 0
accounter/internal/infrastructure/ui/wasm-goap/components/Icon.go:19.33,25.2 1 0
accounter/internal/infrastructure/ui/wasm-goap/components/Icon.go:27.40,30.2 2 0
accounter/internal/infrastructure/ui/wasm-goap/components/Icon.go:32.38,35.2 2 0
accounter/internal/infrastructure/ui/wasm-goap/components/Icon.go:37.38,40.2 2 0
accounter/internal/infrastructure/ui/wasm-goap/components/Icon.go:42.43,45.2 2 0
accounter/internal/infrastructure/ui/wasm-goap/components/Icon.go:47.34,53.51 2 0
accounter/internal/infrastructure/ui/wasm-goap/components/Icon.go:53.51,55.4 1 0
accounter/internal/infrastructure/ui/wasm-goap/components/Icon.go:55.25,57.4 1 0
accounter/internal/infrastructure/ui/wasm-goap/components/Icon.go:61.32,63.2 1 0
accounter/internal/infrastructure/ui/wasm-goap/components/InputField.go:44.51,49.2 1 0
accounter/internal/infrastructure/ui/wasm-goap/components/InputField.go:51.50,52.58 1 0
accounter/internal/infrastructure/ui/wasm-goap/components/InputField.go:52.58,54.3 1 0
accounter/internal/infrastructure/ui/wasm-goap/components/InputField.go:57.41,58.28 1 0
accounter/internal/infrastructure/ui/wasm-goap/components/InputField.go:58.28,60.3 1 0
accounter/internal/infrastructure/ui/wasm-goap/components/InputField.go:62.2,62.24 1 0
accounter/internal/infrastructure/ui/wasm-goap/components/InputField.go:62.24,76.3 3 0
accounter/internal/infrastructure/ui/wasm-goap/components/InputField.go:76.8,86.23 2 0
accounter/internal/infrastructure/ui/wasm-goap/components/InputField.go:86.23,87.30 1 0
accounter/internal/infrastructure/ui/wasm-goap/components/InputField.go:87.30,89.5 1 0
accounter/internal/infrastructure/ui/wasm-goap/components/InputField.go:91.4,91.29 1 0
accounter/internal/infrastructure/ui/wasm-goap/components/InputField.go:91.29,93.5 1 0
accounter/internal/infrastructure/ui/wasm-goap/components/InputField.go:95.4,95.29 1 0
accounter/internal/infrastructure/ui/wasm-goap/components/InputField.go:95.29,97.5 1 0
accounter/internal/infrastructure/ui/wasm-goap/components/InputField.go:100.3,100.32 1 0
accounter/internal/infrastructure/ui/wasm-goap/components/InputField.go:100.32,102.4 1 0
accounter/internal/infrastructure/ui/wasm-goap/components/InputField.go:104.3,106.25 2 0
accounter/internal/infrastructure/ui/wasm-goap/components/InputField.go:110.63,111.23 1 0
accounter/internal/infrastructure/ui/wasm-goap/components/InputField.go:111.23,114.3 2 0
accounter/internal/infrastructure/ui/wasm-goap/components/InputField.go:116.2,121.15 4 0
accounter/internal/infrastructure/ui/wasm-goap/components/InputField.go:121.15,123.3 1 0
accounter/internal/infrastructure/ui/wasm-goap/components/InputField.go:123.8,123.23 1 0
accounter/internal/infrastructure/ui/wasm-goap/components/InputField.go:123.23,124.27 1 0
accounter/internal/infrastructure/ui/wasm-goap/components/InputField.go:124.27,126.4 1 0
accounter/internal/infrastructure/ui/wasm-goap/components/InputField.go:129.2,129.24 1 0
accounter/internal/infrastructure/ui/wasm-goap/components/InputField.go:129.24,132.56 2 0
accounter/internal/infrastructure/ui/wasm-goap/components/InputField.go:132.56,134.4 1 0
accounter/internal/infrastructure/ui/wasm-goap/components/InputField.go:138.46,139.18 1 0
accounter/internal/infrastructure/ui/wasm-goap/components/InputField.go:139.18,141.3 1 0
accounter/internal/infrastructure/ui/wasm-goap/components/InputField.go:143.2,143.52 1 0
accounter/internal/infrastructure/ui/wasm-goap/components/InputField.go:143.52,145.3 1 0
accounter/internal/infrastructure/ui/wasm-goap/components/InputField.go:147.2,147.11 1 0
accounter/internal/infrastructure/ui/wasm-goap/components/InputField.go:150.73,153.2 2 0
accounter/internal/infrastructure/ui/wasm-goap/components/InputField.go:155.86,158.2 2 0
accounter/internal/infrastructure/ui/wasm-goap/components/InputField.go:160.58,163.2 2 0
accounter/internal/infrastructure/ui/wasm-goap/components/InputField.go:165.54,168.2 2 0
accounter/internal/infrastructure/ui/wasm-goap/components/InputField.go:170.60,173.2 2 0
accounter/internal/infrastructure/ui/wasm-goap/components/InputField.go:175.58,178.2 2 0
accounter/internal/infrastructure/ui/wasm-goap/components/InputField.go:180.58,183.2 2 0
accounter/internal/infrastructure/ui/wasm-goap/components/InputField.go:185.57,188.2 2 0
accounter/internal/infrastructure/ui/wasm-goap/components/InputField.go:190.61,193.2 2 0
accounter/internal/infrastructure/ui/wasm-goap/components/InputField.go:195.61,198.2 2 0
accounter/internal/infrastructure/ui/wasm-goap/components/InputField.go:200.56,203.2 2 0
accounter/internal/infrastructure/ui/wasm-goap/components/InputField.go:205.59,208.2 2 0
accounter/internal/infrastructure/ui/wasm-goap/components/InputField.go:210.65,213.2 2 0
accounter/internal/infrastructure/ui/wasm-goap/components/InputField.go:215.56,218.2 2 0
accounter/internal/infrastructure/ui/wasm-goap/components/InputField.go:220.55,223.2 2 0
accounter/internal/infrastructure/ui/wasm-goap/components/InputField.go:225.55,228.2 2 0
accounter/internal/infrastructure/ui/wasm-goap/components/InputField.go:230.60,233.2 2 0
accounter/internal/infrastructure/ui/wasm-goap/components/InputField.go:235.66,238.2 2 0
accounter/internal/infrastructure/ui/wasm-goap/components/InputField.go:240.53,250.2 1 0
accounter/internal/infrastructure/ui/wasm-goap/components/InputField.go:252.61,256.2 3 0
accounter/internal/infrastructure/ui/wasm-goap/components/InputLabel.go:16.54,18.2 1 0
accounter/internal/infrastructure/ui/wasm-goap/components/InputLabel.go:20.51,23.2 2 0
accounter/internal/infrastructure/ui/wasm-goap/components/InputLabel.go:25.55,28.2 2 0
accounter/internal/infrastructure/ui/wasm-goap/components/InputLabel.go:30.38,33.16 2 0
accounter/internal/infrastructure/ui/wasm-goap/components/InputLabel.go:33.16,35.3 1 0
accounter/internal/infrastructure/ui/wasm-goap/components/InputLabel.go:37.2,40.40 1 0
accounter/internal/infrastructure/ui/wasm-goap/components/InputWrapper.go:23.52,26.47 1 0
accounter/internal/infrastructure/ui/wasm-goap/components/InputWrapper.go:26.48,26.49 0 0
accounter/internal/infrastructure/ui/wasm-goap/components/InputWrapper.go:30.58,33.2 2 0
accounter/internal/infrastructure/ui/wasm-goap/components/InputWrapper.go:35.62,38.2 2 0
accounter/internal/infrastructure/ui/wasm-goap/components/InputWrapper.go:40.64,43.2 2 0
accounter/internal/infrastructure/ui/wasm-goap/components/InputWrapper.go:45.56,48.2 2 0
accounter/internal/infrastructure/ui/wasm-goap/components/InputWrapper.go:50.57,53.2 2 0
accounter/internal/infrastructure/ui/wasm-goap/components/InputWrapper.go:55.68,58.2 2 0
accounter/internal/infrastructure/ui/wasm-goap/components/InputWrapper.go:60.64,63.2 2 0
accounter/internal/infrastructure/ui/wasm-goap/components/InputWrapper.go:65.56,69.56 1 0
accounter/internal/infrastructure/ui/wasm-goap/components/InputWrapper.go:69.56,71.5 1 0
accounter/internal/infrastructure/ui/wasm-goap/components/InputWrapper.go:76.64,80.7 1 0
accounter/internal/infrastructure/ui/wasm-goap/components/InputWrapper.go:82.50,84.7 1 0
accounter/internal/infrastructure/ui/wasm-goap/components/InputWrapper.go:86.43,94.7 1 0
accounter/internal/infrastructure/ui/wasm-goap/components/Loading.go:12.40,17.2 1 0
accounter/internal/infrastructure/ui/wasm-goap/components/Loading.go:19.35,20.41 1 0
accounter/internal/infrastructure/ui/wasm-goap/components/Loading.go:20.41,35.3 1 0
accounter/internal/infrastructure/ui/wasm-goap/components/Loading.go:35.24,37.3 1 0
accounter/internal/infrastructure/ui/wasm-goap/components/SelectField.go:36.53,39.48 1 0
accounter/internal/infrastructure/ui/wasm-goap/components/SelectField.go:39.49,39.50 0 0
accounter/internal/infrastructure/ui/wasm-goap/components/SelectField.go:43.57,46.2 2 0
accounter/internal/infrastructure/ui/wasm-goap/components/SelectField.go:48.55,51.2 2 0
accounter/internal/infrastructure/ui/wasm-goap/components/SelectField.go:53.58,56.2 2 0
accounter/internal/infrastructure/ui/wasm-goap/components/SelectField.go:58.73,61.2 2 0
accounter/internal/infrastructure/ui/wasm-goap/components/SelectField.go:63.61,66.2 2 0
accounter/internal/infrastructure/ui/wasm-goap/components/SelectField.go:68.60,71.2 2 0
accounter/internal/infrastructure/ui/wasm-goap/components/SelectField.go:73.60,76.2 2 0
accounter/internal/infrastructure/ui/wasm-goap/components/SelectField.go:78.75,81.2 2 0
accounter/internal/infrastructure/ui/wasm-goap/components/SelectField.go:83.62,87.2 2 0
accounter/internal/infrastructure/ui/wasm-goap/components/SelectField.go:89.66,92.2 2 0
accounter/internal/infrastructure/ui/wasm-goap/components/SelectField.go:94.66,97.2 2 0
accounter/internal/infrastructure/ui/wasm-goap/components/SelectField.go:99.68,102.2 2 0
accounter/internal/infrastructure/ui/wasm-goap/components/SelectField.go:104.43,113.2 1 0
accounter/internal/infrastructure/ui/wasm-goap/components/SelectField.go:115.46,129.45 2 0
accounter/internal/infrastructure/ui/wasm-goap/components/SelectField.go:129.45,138.5 2 0
accounter/internal/infrastructure/ui/wasm-goap/components/SelectField.go:142.65,148.17 4 0
accounter/internal/infrastructure/ui/wasm-goap/components/SelectField.go:148.17,149.30 1 0
accounter/internal/infrastructure/ui/wasm-goap/components/SelectField.go:149.30,150.21 1 0
accounter/internal/infrastructure/ui/wasm-goap/components/SelectField.go:150.21,153.5 2 0
accounter/internal/infrastructure/ui/wasm-goap/components/SelectField.go:156.3,156.40 1 0
accounter/internal/infrastructure/ui/wasm-goap/components/SelectField.go:157.8,159.3 1 0
accounter/internal/infrastructure/ui/wasm-goap/components/SelectField.go:162.62,163.17 1 0
accounter/internal/infrastructure/ui/wasm-goap/components/SelectField.go:163.17,165.3 1 0
accounter/internal/infrastructure/ui/wasm-goap/components/SelectField.go:167.2,169.12 2 0
accounter/internal/infrastructure/ui/wasm-goap/components/SelectField.go:172.46,173.19 1 0
accounter/internal/infrastructure/ui/wasm-goap/components/SelectField.go:173.19,175.3 1 0
accounter/internal/infrastructure/ui/wasm-goap/components/SelectField.go:177.2,177.17 1 0
accounter/internal/infrastructure/ui/wasm-goap/components/SelectField.go:177.17,179.3 1 0
accounter/internal/infrastructure/ui/wasm-goap/components/SelectField.go:181.2,181.31 1 0
accounter/internal/infrastructure/ui/wasm-goap/components/SelectField.go:184.43,186.2 1 0
accounter/internal/infrastructure/ui/wasm-goap/components/TaskForm.go:19.51,24.2 1 0
accounter/internal/infrastructure/ui/wasm-goap/components/TaskForm.go:26.46,27.60 1 0
accounter/internal/infrastructure/ui/wasm-goap/components/TaskForm.go:27.60,28.42 1 0
accounter/internal/infrastructure/ui/wasm-goap/components/TaskForm.go:28.42,31.4 2 0
accounter/internal/infrastructure/ui/wasm-goap/components/TaskForm.go:34.2,34.62 1 0
accounter/internal/infrastructure/ui/wasm-goap/components/TaskForm.go:34.62,37.3 2 0
accounter/internal/infrastructure/ui/wasm-goap/components/TaskForm.go:40.38,43.2 2 0
accounter/internal/infrastructure/ui/wasm-goap/components/TaskForm.go:45.38,48.2 2 0
accounter/internal/infrastructure/ui/wasm-goap/components/TaskForm.go:50.39,92.49 1 0
accounter/internal/infrastructure/ui/wasm-goap/components/TaskForm.go:92.49,93.38 1 0
accounter/internal/infrastructure/ui/wasm-goap/components/TaskForm.go:93.38,95.7 1 0
accounter/internal/infrastructure/ui/wasm-goap/components/TaskForm.go:111.49,112.71 1 0
accounter/internal/infrastructure/ui/wasm-goap/components/TaskForm.go:112.71,114.7 1 0
accounter/internal/infrastructure/ui/wasm-goap/components/TaskForm.go:114.12,116.7 1 0
accounter/internal/infrastructure/ui/wasm-goap/components/TaskForm.go:131.67,132.44 1 0
accounter/internal/infrastructure/ui/wasm-goap/components/TaskForm.go:132.44,137.3 1 0
accounter/internal/infrastructure/ui/wasm-goap/components/TaskForm.go:139.2,139.8 1 0
accounter/internal/infrastructure/ui/wasm-goap/components/TaskForm.go:142.37,148.43 1 0
accounter/internal/infrastructure/ui/wasm-goap/components/TaskForm.go:148.43,149.65 1 0
accounter/internal/infrastructure/ui/wasm-goap/components/TaskForm.go:149.65,151.5 1 0
accounter/internal/infrastructure/ui/wasm-goap/components/TaskForm.go:151.10,153.5 1 0
accounter/internal/infrastructure/ui/wasm-goap/components/TaskForm.go:155.48,157.4 1 0
accounter/internal/infrastructure/ui/wasm-goap/components/TaskForm.go:161.36,163.2 1 0
accounter/internal/infrastructure/ui/wasm-goap/components/TaskForm.go:165.45,168.2 2 0
accounter/internal/infrastructure/ui/wasm-goap/components/TasksChart.go:24.80,36.2 1 0
accounter/internal/infrastructure/ui/wasm-goap/components/TasksChart.go:38.47,41.2 2 0
accounter/internal/infrastructure/ui/wasm-goap/components/TasksChart.go:43.66,46.2 2 0
accounter/internal/infrastructure/ui/wasm-goap/components/TasksChart.go:48.55,51.2 2 0
accounter/internal/infrastructure/ui/wasm-goap/components/TasksChart.go:53.47,54.61 1 0
accounter/internal/infrastructure/ui/wasm-goap/components/TasksChart.go:54.61,55.44 1 0
accounter/internal/infrastructure/ui/wasm-goap/components/TasksChart.go:55.44,58.4 2 0
accounter/internal/infrastructure/ui/wasm-goap/components/TasksChart.go:61.2,61.15 1 0
accounter/internal/infrastructure/ui/wasm-goap/components/TasksChart.go:64.38,72.49 1 0
accounter/internal/infrastructure/ui/wasm-goap/components/TasksChart.go:72.49,75.7 2 0
accounter/internal/infrastructure/ui/wasm-goap/components/TasksChart.go:78.49,81.7 2 0
accounter/internal/infrastructure/ui/wasm-goap/components/TasksChart.go:87.49,90.7 2 0
accounter/internal/infrastructure/ui/wasm-goap/components/TasksChart.go:94.49,97.7 2 0
accounter/internal/infrastructure/ui/wasm-goap/components/TasksChart.go:103.46,107.21 2 0
accounter/internal/infrastructure/ui/wasm-goap/components/TasksChart.go:108.24,109.37 1 0
accounter/internal/infrastructure/ui/wasm-goap/components/TasksChart.go:111.25,112.38 1 0
accounter/internal/infrastructure/ui/wasm-goap/components/TasksChart.go:113.10,114.9 1 0
accounter/internal/infrastructure/ui/wasm-goap/components/TasksChart.go:117.2,117.39 1 0
accounter/internal/infrastructure/ui/wasm-goap/components/TasksChart.go:120.76,131.54 4 0
accounter/internal/infrastructure/ui/wasm-goap/components/TasksChart.go:131.54,143.54 3 0
accounter/internal/infrastructure/ui/wasm-goap/components/TasksChart.go:143.54,146.23 2 0
accounter/internal/infrastructure/ui/wasm-goap/components/TasksChart.go:147.17,148.33 1 0
accounter/internal/infrastructure/ui/wasm-goap/components/TasksChart.go:149.16,150.57 1 0
accounter/internal/infrastructure/ui/wasm-goap/components/TasksChart.go:153.4,153.60 1 0
accounter/internal/infrastructure/ui/wasm-goap/components/TasksChart.go:156.3,156.29 1 0
accounter/internal/infrastructure/ui/wasm-goap/components/TasksChart.go:159.2,164.24 1 0
accounter/internal/infrastructure/ui/wasm-goap/components/TasksChart.go:167.75,177.54 2 0
accounter/internal/infrastructure/ui/wasm-goap/components/TasksChart.go:177.54,183.22 4 0
accounter/internal/infrastructure/ui/wasm-goap/components/TasksChart.go:184.16,185.27 1 0
accounter/internal/infrastructure/ui/wasm-goap/components/TasksChart.go:186.15,187.56 1 0
accounter/internal/infrastructure/ui/wasm-goap/components/TasksChart.go:190.3,190.43 1 0
accounter/internal/infrastructure/ui/wasm-goap/components/TasksChart.go:193.2,198.21 1 0
accounter/internal/infrastructure/ui/wasm-goap/components/TasksList.go:24.69,30.2 1 0
accounter/internal/infrastructure/ui/wasm-goap/components/TasksList.go:33.46,35.2 1 0
accounter/internal/infrastructure/ui/wasm-goap/components/TasksList.go:38.38,40.2 1 0
accounter/internal/infrastructure/ui/wasm-goap/components/TasksList.go:43.37,46.29 2 0
accounter/internal/infrastructure/ui/wasm-goap/components/TasksList.go:46.29,53.50 1 0
accounter/internal/infrastructure/ui/wasm-goap/components/TasksList.go:53.50,55.8 1 0
accounter/internal/infrastructure/ui/wasm-goap/components/TasksList.go:60.50,62.8 1 0
accounter/internal/infrastructure/ui/wasm-goap/components/TasksList.go:77.2,82.49 1 0
accounter/internal/infrastructure/ui/wasm-goap/components/TasksList.go:82.49,84.6 1 0
accounter/internal/infrastructure/ui/wasm-goap/components/TasksList.go:87.48,89.6 1 0
accounter/internal/infrastructure/ui/wasm-goap/components/TasksList.go:93.48,95.6 1 0
accounter/internal/infrastructure/ui/wasm-goap/components/TasksList.go:100.48,102.6 1 0
accounter/internal/infrastructure/ui/wasm-goap/components/TasksList.go:104.2,137.4 2 0
accounter/internal/infrastructure/ui/wasm-goap/components/TasksList.go:141.48,144.55 2 0
accounter/internal/infrastructure/ui/wasm-goap/components/TasksList.go:144.55,146.3 1 0
accounter/internal/infrastructure/ui/wasm-goap/components/TasksList.go:150.59,151.14 1 0
accounter/internal/infrastructure/ui/wasm-goap/components/TasksList.go:151.14,160.28 6 0
accounter/internal/infrastructure/ui/wasm-goap/components/TasksList.go:160.28,163.63 2 0
accounter/internal/infrastructure/ui/wasm-goap/components/TasksList.go:163.63,165.5 1 0
accounter/internal/infrastructure/ui/wasm-goap/components/TasksList.go:169.2,169.39 1 0
accounter/internal/infrastructure/ui/wasm-goap/components/TasksList.go:173.60,174.73 1 0
accounter/internal/infrastructure/ui/wasm-goap/components/TasksList.go:174.73,176.3 1 0
accounter/internal/infrastructure/ui/wasm-goap/components/TasksList.go:178.2,178.56 1 0
accounter/internal/infrastructure/ui/wasm-goap/components/TasksList.go:178.56,180.3 1 0
accounter/internal/infrastructure/ui/wasm-goap/components/TasksList.go:184.72,187.2 2 0
accounter/internal/infrastructure/ui/wasm-goap/components/TasksList.go:190.41,197.29 2 0
accounter/internal/infrastructure/ui/wasm-goap/components/TasksList.go:197.29,201.3 3 0
accounter/internal/infrastructure/ui/wasm-goap/components/TasksList.go:203.2,209.3 1 0
accounter/internal/infrastructure/ui/wasm-goap/components/Tooltip.go:15.28,20.2 1 0
accounter/internal/infrastructure/ui/wasm-goap/components/Tooltip.go:22.43,25.2 2 0
accounter/internal/infrastructure/ui/wasm-goap/components/Tooltip.go:27.44,30.2 2 0
accounter/internal/infrastructure/ui/wasm-goap/components/Tooltip.go:32.49,35.2 2 0
accounter/internal/infrastructure/ui/wasm-goap/components/Tooltip.go:37.55,41.49 1 0
accounter/internal/infrastructure/ui/wasm-goap/components/Tooltip.go:41.49,43.5 1 0
accounter/internal/infrastructure/ui/wasm-goap/components/Tooltip.go:54.35,56.2 1 0
accounter/internal/infrastructure/ui/wasm-goap/components/UserForm.go:23.66,29.2 1 0
accounter/internal/infrastructure/ui/wasm-goap/components/UserForm.go:31.46,32.60 1 0
accounter/internal/infrastructure/ui/wasm-goap/components/UserForm.go:32.60,36.3 3 0
accounter/internal/infrastructure/ui/wasm-goap/components/UserForm.go:38.2,38.62 1 0
accounter/internal/infrastructure/ui/wasm-goap/components/UserForm.go:38.62,41.3 2 0
accounter/internal/infrastructure/ui/wasm-goap/components/UserForm.go:44.51,47.2 2 0
accounter/internal/infrastructure/ui/wasm-goap/components/UserForm.go:49.38,52.2 2 0
accounter/internal/infrastructure/ui/wasm-goap/components/UserForm.go:54.38,57.2 2 0
accounter/internal/infrastructure/ui/wasm-goap/components/UserForm.go:59.33,98.53 1 0
accounter/internal/infrastructure/ui/wasm-goap/components/UserForm.go:98.53,99.48 1 0
accounter/internal/infrastructure/ui/wasm-goap/components/UserForm.go:99.48,101.7 1 0
accounter/internal/infrastructure/ui/wasm-goap/components/UserForm.go:103.6,103.77 1 0
accounter/internal/infrastructure/ui/wasm-goap/components/UserForm.go:103.77,106.7 2 0
accounter/internal/infrastructure/ui/wasm-goap/components/UserForm.go:106.12,106.19 1 0
accounter/internal/infrastructure/ui/wasm-goap/components/UserForm.go:106.19,108.7 1 0
accounter/internal/infrastructure/ui/wasm-goap/components/UserForm.go:110.6,110.16 1 0
accounter/internal/infrastructure/ui/wasm-goap/components/UserForm.go:134.40,140.5 1 0
accounter/internal/infrastructure/ui/wasm-goap/components/UserForm.go:142.40,149.5 1 0
accounter/internal/infrastructure/ui/wasm-goap/components/UserForm.go:151.40,156.49 1 0
accounter/internal/infrastructure/ui/wasm-goap/components/UserForm.go:156.49,157.69 1 0
accounter/internal/infrastructure/ui/wasm-goap/components/UserForm.go:157.69,160.8 1 0
accounter/internal/infrastructure/ui/wasm-goap/components/UserForm.go:160.13,160.82 1 0
accounter/internal/infrastructure/ui/wasm-goap/components/UserForm.go:160.82,162.8 1 0
accounter/internal/infrastructure/ui/wasm-goap/components/UserForm.go:162.13,165.8 2 0
accounter/internal/infrastructure/ui/wasm-goap/components/UserForm.go:169.40,178.5 1 0
accounter/internal/infrastructure/ui/wasm-goap/components/UserForm.go:182.36,187.43 1 0
accounter/internal/infrastructure/ui/wasm-goap/components/UserForm.go:187.43,188.66 1 0
accounter/internal/infrastructure/ui/wasm-goap/components/UserForm.go:188.66,190.5 1 0
accounter/internal/infrastructure/ui/wasm-goap/components/UserForm.go:190.10,192.5 1 0
accounter/internal/infrastructure/ui/wasm-goap/components/UserForm.go:194.48,196.4 1 0
accounter/internal/infrastructure/ui/wasm-goap/components/UserForm.go:200.45,203.2 2 0
accounter/internal/infrastructure/ui/wasm-goap/components/UserForm.go:205.37,207.2 1 0
accounter/internal/infrastructure/ui/wasm-goap/components/UserForm.go:209.36,211.2 1 0
accounter/internal/infrastructure/ui/wasm-goap/components/UserList.go:19.69,24.2 1 0
accounter/internal/infrastructure/ui/wasm-goap/components/UserList.go:26.46,28.2 1 0
accounter/internal/infrastructure/ui/wasm-goap/components/UserList.go:30.48,33.52 2 0
accounter/internal/infrastructure/ui/wasm-goap/components/UserList.go:33.52,35.3 1 0
accounter/internal/infrastructure/ui/wasm-goap/components/UserList.go:38.59,39.14 1 0
accounter/internal/infrastructure/ui/wasm-goap/components/UserList.go:39.14,41.3 1 0
accounter/internal/infrastructure/ui/wasm-goap/components/UserList.go:43.2,43.38 1 0
accounter/internal/infrastructure/ui/wasm-goap/components/UserList.go:46.38,48.2 1 0
accounter/internal/infrastructure/ui/wasm-goap/components/UserList.go:50.37,53.29 2 0
accounter/internal/infrastructure/ui/wasm-goap/components/UserList.go:53.29,60.51 1 0
accounter/internal/infrastructure/ui/wasm-goap/components/UserList.go:60.51,65.8 4 0
accounter/internal/infrastructure/ui/wasm-goap/components/UserList.go:70.50,72.8 1 0
accounter/internal/infrastructure/ui/wasm-goap/components/UserList.go:76.50,78.8 1 0
accounter/internal/infrastructure/ui/wasm-goap/components/UserList.go:90.2,95.48 1 0
accounter/internal/infrastructure/ui/wasm-goap/components/UserList.go:95.48,97.6 1 0
accounter/internal/infrastructure/ui/wasm-goap/components/UserList.go:101.48,103.6 1 0
accounter/internal/infrastructure/ui/wasm-goap/components/UserList.go:106.2,129.3 2 0
accounter/internal/infrastructure/ui/wasm-goap/common/base.go:20.53,24.2 1 0
accounter/internal/infrastructure/ui/wasm-goap/common/base.go:26.50,28.2 1 0
accounter/internal/infrastructure/ui/wasm-goap/common/base.go:30.62,32.2 1 0
accounter/internal/infrastructure/ui/wasm-goap/common/base.go:34.78,40.2 1 0
accounter/internal/infrastructure/ui/wasm-goap/common/base.go:42.73,47.2 3 0
accounter/internal/infrastructure/ui/wasm-goap/store/main.go:16.53,17.22 1 0
accounter/internal/infrastructure/ui/wasm-goap/store/main.go:17.22,19.3 1 0
accounter/internal/infrastructure/ui/wasm-goap/store/main.go:21.2,23.9 2 0
accounter/internal/infrastructure/ui/wasm-goap/store/main.go:23.9,25.3 1 0
accounter/internal/infrastructure/ui/wasm-goap/store/main.go:27.2,27.51 1 0
accounter/internal/infrastructure/ui/wasm-goap/store/main.go:27.51,29.3 1 0
accounter/internal/infrastructure/ui/wasm-goap/store/main.go:31.2,31.13 1 0
accounter/internal/infrastructure/ui/wasm-goap/store/main.go:34.86,46.16 3 0
accounter/internal/infrastructure/ui/wasm-goap/store/main.go:46.16,48.3 1 0
accounter/internal/infrastructure/ui/wasm-goap/store/main.go:50.2,52.12 2 0
accounter/internal/infrastructure/ui/wasm-goap/store/main.go:55.71,61.16 2 0
accounter/internal/infrastructure/ui/wasm-goap/store/main.go:61.16,63.3 1 0
accounter/internal/infrastructure/ui/wasm-goap/store/main.go:65.2,67.12 2 0
accounter/internal/infrastructure/ui/wasm-goap/store/main.go:70.45,74.2 3 0
accounter/internal/infrastructure/ui/wasm-goap/store/store.go:25.84,30.14 3 0
accounter/internal/infrastructure/ui/wasm-goap/store/store.go:30.14,32.3 1 0
accounter/internal/infrastructure/ui/wasm-goap/store/store.go:35.69,37.2 1 0
accounter/internal/infrastructure/ui/wasm-goap/store/store.go:39.78,40.73 1 0
accounter/internal/infrastructure/ui/wasm-goap/store/store.go:40.73,42.3 1 0
accounter/internal/infrastructure/ui/wasm-goap/store/store.go:44.2,46.8 2 0
accounter/internal/infrastructure/ui/wasm-goap/store/store.go:49.52,53.2 3 0
accounter/internal/infrastructure/ui/wasm-goap/store/store.go:55.85,58.71 2 0
accounter/internal/infrastructure/ui/wasm-goap/store/store.go:58.71,61.3 1 0
accounter/internal/infrastructure/ui/wasm-goap/store/store.go:61.8,61.78 1 0
accounter/internal/infrastructure/ui/wasm-goap/store/store.go:61.78,64.3 1 0
accounter/internal/infrastructure/ui/wasm-goap/store/store.go:64.8,66.3 1 0
accounter/internal/infrastructure/ui/wasm-goap/store/store.go:68.2,68.60 1 0
accounter/internal/infrastructure/ui/wasm-goap/store/store.go:68.60,70.3 1 0
accounter/internal/infrastructure/ui/wasm-goap/store/store.go:70.8,74.3 3 0
accounter/internal/infrastructure/ui/wasm-goap/store/store.go:76.2,76.8 1 0
accounter/internal/infrastructure/ui/wasm-goap/store/store.go:79.48,81.2 1 0
accounter/internal/infrastructure/ui/wasm-goap/store/store.go:83.41,85.2 1 0
accounter/internal/infrastructure/ui/wasm-goap/store/store.go:87.64,91.2 2 0
accounter/internal/infrastructure/ui/wasm-goap/store/store.go:93.63,95.2 1 0
accounter/internal/infrastructure/ui/wasm-goap/store/store.go:97.71,100.25 2 0
accounter/internal/infrastructure/ui/wasm-goap/store/store.go:100.25,104.3 1 0
accounter/internal/infrastructure/ui/wasm-goap/store/store.go:106.2,106.15 1 0
accounter/internal/infrastructure/ui/wasm-goap/store/store.go:118.69,137.2 4 0
accounter/internal/infrastructure/ui/wasm-goap/store/tasks.go:19.58,28.16 4 0
accounter/internal/infrastructure/ui/wasm-goap/store/tasks.go:28.16,30.3 1 0
accounter/internal/infrastructure/ui/wasm-goap/store/tasks.go:32.2,36.12 3 0
accounter/internal/infrastructure/ui/wasm-goap/store/tasks.go:39.80,46.16 2 0
accounter/internal/infrastructure/ui/wasm-goap/store/tasks.go:46.16,48.3 1 0
accounter/internal/infrastructure/ui/wasm-goap/store/tasks.go:50.2,52.36 2 0
accounter/internal/infrastructure/ui/wasm-goap/store/tasks.go:55.69,61.16 2 0
accounter/internal/infrastructure/ui/wasm-goap/store/tasks.go:61.16,63.3 1 0
accounter/internal/infrastructure/ui/wasm-goap/store/tasks.go:65.2,65.28 1 0
accounter/internal/infrastructure/ui/wasm-goap/store/tasks.go:68.66,76.2 2 0
accounter/internal/infrastructure/ui/wasm-goap/store/tasks.go:78.44,80.2 1 0
accounter/internal/infrastructure/ui/wasm-goap/store/tasks.go:82.45,84.2 1 0
accounter/internal/infrastructure/ui/wasm-goap/store/tasks.go:86.41,88.2 1 0
accounter/internal/infrastructure/ui/wasm-goap/store/users.go:16.63,26.16 4 0
accounter/internal/infrastructure/ui/wasm-goap/store/users.go:26.16,28.3 1 0
accounter/internal/infrastructure/ui/wasm-goap/store/users.go:30.2,33.20 3 0
accounter/internal/infrastructure/ui/wasm-goap/store/users.go:36.43,45.16 4 0
accounter/internal/infrastructure/ui/wasm-goap/store/users.go:45.16,47.3 1 0
accounter/internal/infrastructure/ui/wasm-goap/store/users.go:49.2,51.12 2 0
accounter/internal/infrastructure/ui/wasm-goap/store/users.go:54.77,64.16 4 0
accounter/internal/infrastructure/ui/wasm-goap/store/users.go:64.16,66.3 1 0
accounter/internal/infrastructure/ui/wasm-goap/store/users.go:68.2,68.23 1 0
accounter/internal/infrastructure/ui/wasm-goap/store/users.go:71.52,77.16 2 0
accounter/internal/infrastructure/ui/wasm-goap/store/users.go:77.16,79.3 1 0
accounter/internal/infrastructure/ui/wasm-goap/store/users.go:81.2,83.12 2 0
accounter/internal/infrastructure/ui/wasm-goap/store/users.go:86.45,88.2 1 0
accounter/internal/infrastructure/ui/wasm-goap/store/users.go:90.41,92.2 1 0
accounter/internal/infrastructure/ui/wasm-goap/store/users.go:94.45,96.2 1 0
accounter/internal/infrastructure/ui/wasm-goap/store/users.go:98.55,99.25 1 0
accounter/internal/infrastructure/ui/wasm-goap/store/users.go:99.25,100.26 1 0
accounter/internal/infrastructure/ui/wasm-goap/store/users.go:100.26,102.4 1 0
accounter/internal/infrastructure/ui/wasm-goap/store/users.go:105.2,105.12 1 0
accounter/internal/infrastructure/ui/wasm-goap/models/auth.go:11.31,15.2 1 0
accounter/internal/infrastructure/ui/wasm-goap/models/auth.go:17.48,18.24 1 0
accounter/internal/infrastructure/ui/wasm-goap/models/auth.go:18.24,20.3 1 0
accounter/internal/infrastructure/ui/wasm-goap/models/auth.go:22.2,22.28 1 0
accounter/internal/infrastructure/ui/wasm-goap/models/auth.go:22.28,24.3 1 0
accounter/internal/infrastructure/ui/wasm-goap/models/auth.go:26.2,26.13 1 0
accounter/internal/infrastructure/ui/wasm-goap/models/auth.go:29.29,33.2 3 0
accounter/internal/infrastructure/ui/wasm-goap/models/charts.go:30.38,43.2 1 0
accounter/internal/infrastructure/ui/wasm-goap/models/charts.go:97.32,106.2 1 0
accounter/internal/infrastructure/ui/wasm-goap/models/charts.go:114.32,123.2 1 0
accounter/internal/infrastructure/ui/wasm-goap/models/charts.go:148.61,153.2 3 0
accounter/internal/infrastructure/ui/wasm-goap/models/charts.go:155.67,158.2 2 0
accounter/internal/infrastructure/ui/wasm-goap/models/charts.go:160.61,163.2 2 0
accounter/internal/infrastructure/ui/wasm-goap/models/charts.go:165.61,168.2 2 0
accounter/internal/infrastructure/ui/wasm-goap/models/charts.go:170.67,173.2 2 0
accounter/internal/infrastructure/ui/wasm-goap/models/charts.go:175.40,182.2 4 0
accounter/internal/infrastructure/ui/wasm-goap/models/websocket.go:23.79,30.2 1 0
accounter/internal/infrastructure/ui/wasm-goap/models/websocket.go:32.49,38.77 4 0
accounter/internal/infrastructure/ui/wasm-goap/models/websocket.go:38.77,41.3 2 0
accounter/internal/infrastructure/ui/wasm-goap/models/websocket.go:43.2,43.78 1 0
accounter/internal/infrastructure/ui/wasm-goap/models/websocket.go:43.78,46.49 2 0
accounter/internal/infrastructure/ui/wasm-goap/models/websocket.go:46.49,48.4 1 0
accounter/internal/infrastructure/ui/wasm-goap/models/websocket.go:50.3,50.13 1 0
accounter/internal/infrastructure/ui/wasm-goap/models/websocket.go:53.2,53.80 1 0
accounter/internal/infrastructure/ui/wasm-goap/models/websocket.go:53.80,54.43 1 0
accounter/internal/infrastructure/ui/wasm-goap/models/websocket.go:54.43,56.4 1 0
accounter/internal/infrastructure/ui/wasm-goap/models/websocket.go:58.3,58.14 1 0
accounter/internal/infrastructure/ui/wasm-goap/models/websocket.go:62.61,65.16 2 0
accounter/internal/infrastructure/ui/wasm-goap/models/websocket.go:65.16,67.3 1 0
accounter/internal/infrastructure/ui/wasm-goap/models/websocket.go:69.2,71.18 2 0
accounter/internal/infrastructure/ui/wasm-goap/models/websocket.go:72.28,73.22 1 0
accounter/internal/infrastructure/ui/wasm-goap/models/websocket.go:73.22,75.4 1 0
accounter/internal/infrastructure/ui/wasm-goap/models/websocket.go:76.28,77.13 1 0
accounter/internal/infrastructure/ui/wasm-goap/models/websocket.go:78.28,79.13 1 0
accounter/internal/infrastructure/ui/wasm-goap/models/websocket.go:82.2,82.12 1 0
accounter/internal/infrastructure/ui/wasm-goap/models/websocket.go:85.99,86.20 1 0
accounter/internal/infrastructure/ui/wasm-goap/models/websocket.go:86.20,89.3 2 0
accounter/internal/infrastructure/ui/wasm-goap/models/websocket.go:91.2,93.35 2 0
accounter/internal/infrastructure/ui/wasm-goap/models/websocket.go:93.35,95.3 1 0
accounter/internal/infrastructure/ui/wasm-goap/models/websocket.go:95.8,97.3 1 0
accounter/internal/infrastructure/ui/wasm-goap/models/websocket.go:99.2,99.8 1 0
accounter/internal/infrastructure/ui/wasm-goap/models/websocket.go:102.36,103.40 1 0
accounter/internal/infrastructure/ui/wasm-goap/models/websocket.go:103.40,105.3 1 0
accounter/internal/infrastructure/ui/wasm-goap/models/websocket.go:108.36,110.2 1 0
accounter/internal/infrastructure/ui/wasm-goap/models/websocket.go:112.86,113.19 1 0
accounter/internal/infrastructure/ui/wasm-goap/models/websocket.go:113.19,116.3 2 0
accounter/internal/infrastructure/ui/wasm-goap/models/websocket.go:118.2,123.44 2 0
accounter/internal/infrastructure/ui/wasm-goap/layouts/main.go:10.38,16.2 1 0
accounter/internal/infrastructure/ui/wasm-goap/pages/default.go:14.57,18.2 1 0
accounter/internal/infrastructure/ui/wasm-goap/pages/default.go:20.49,22.2 1 0
accounter/internal/infrastructure/ui/wasm-goap/pages/default.go:24.40,26.2 1 0
accounter/internal/infrastructure/ui/wasm-goap/pages/index.go:15.53,19.2 1 0
accounter/internal/infrastructure/ui/wasm-goap/pages/index.go:21.48,22.35 1 0
accounter/internal/infrastructure/ui/wasm-goap/pages/index.go:22.35,25.3 2 0
accounter/internal/infrastructure/ui/wasm-goap/pages/index.go:27.2,27.71 1 0
accounter/internal/infrastructure/ui/wasm-goap/pages/index.go:30.46,34.46 1 0
accounter/internal/infrastructure/ui/wasm-goap/pages/index.go:34.46,36.4 1 0
accounter/internal/infrastructure/ui/wasm-goap/pages/index.go:38.2,41.4 1 0
accounter/internal/infrastructure/ui/wasm-goap/pages/index.go:44.39,80.2 1 0
accounter/internal/infrastructure/ui/wasm-goap/pages/login.go:21.53,26.2 1 0
accounter/internal/infrastructure/ui/wasm-goap/pages/login.go:28.46,29.62 1 0
accounter/internal/infrastructure/ui/wasm-goap/pages/login.go:29.62,32.3 2 0
accounter/internal/infrastructure/ui/wasm-goap/pages/login.go:34.2,34.17 1 0
accounter/internal/infrastructure/ui/wasm-goap/pages/login.go:37.37,38.51 1 0
accounter/internal/infrastructure/ui/wasm-goap/pages/login.go:38.51,38.72 1 0
accounter/internal/infrastructure/ui/wasm-goap/pages/login.go:41.33,72.57 1 0
accounter/internal/infrastructure/ui/wasm-goap/pages/login.go:72.57,74.10 1 0
accounter/internal/infrastructure/ui/wasm-goap/pages/login.go:98.52,99.76 1 0
accounter/internal/infrastructure/ui/wasm-goap/pages/login.go:99.76,102.11 1 0
accounter/internal/infrastructure/ui/wasm-goap/pages/login.go:102.16,105.11 2 0
accounter/internal/infrastructure/ui/wasm-goap/pages/registration.go:15.67,19.2 1 0
accounter/internal/infrastructure/ui/wasm-goap/pages/registration.go:21.44,34.2 1 0
